Archive member included to satisfy reference by file (symbol)

c:/st/stm32cubeide_1.7.0/stm32cubeide/plugins/com.st.stm32cube.ide.mcu.externaltools.gnu-tools-for-stm32.9-2020-q2-update.win32_2.0.0.202105311346/tools/bin/../lib/gcc/arm-none-eabi/9.3.1/../../../../arm-none-eabi/lib/thumb/v7-m/nofp\libc_nano.a(lib_a-errno.o)
                              ./Core/Src/syscalls.o (__errno)
c:/st/stm32cubeide_1.7.0/stm32cubeide/plugins/com.st.stm32cube.ide.mcu.externaltools.gnu-tools-for-stm32.9-2020-q2-update.win32_2.0.0.202105311346/tools/bin/../lib/gcc/arm-none-eabi/9.3.1/../../../../arm-none-eabi/lib/thumb/v7-m/nofp\libc_nano.a(lib_a-exit.o)
                              c:/st/stm32cubeide_1.7.0/stm32cubeide/plugins/com.st.stm32cube.ide.mcu.externaltools.gnu-tools-for-stm32.9-2020-q2-update.win32_2.0.0.202105311346/tools/bin/../lib/gcc/arm-none-eabi/9.3.1/../../../../arm-none-eabi/lib/thumb/v7-m/nofp/crt0.o (exit)
c:/st/stm32cubeide_1.7.0/stm32cubeide/plugins/com.st.stm32cube.ide.mcu.externaltools.gnu-tools-for-stm32.9-2020-q2-update.win32_2.0.0.202105311346/tools/bin/../lib/gcc/arm-none-eabi/9.3.1/../../../../arm-none-eabi/lib/thumb/v7-m/nofp\libc_nano.a(lib_a-impure.o)
                              c:/st/stm32cubeide_1.7.0/stm32cubeide/plugins/com.st.stm32cube.ide.mcu.externaltools.gnu-tools-for-stm32.9-2020-q2-update.win32_2.0.0.202105311346/tools/bin/../lib/gcc/arm-none-eabi/9.3.1/../../../../arm-none-eabi/lib/thumb/v7-m/nofp\libc_nano.a(lib_a-exit.o) (_global_impure_ptr)
c:/st/stm32cubeide_1.7.0/stm32cubeide/plugins/com.st.stm32cube.ide.mcu.externaltools.gnu-tools-for-stm32.9-2020-q2-update.win32_2.0.0.202105311346/tools/bin/../lib/gcc/arm-none-eabi/9.3.1/../../../../arm-none-eabi/lib/thumb/v7-m/nofp\libc_nano.a(lib_a-init.o)
                              c:/st/stm32cubeide_1.7.0/stm32cubeide/plugins/com.st.stm32cube.ide.mcu.externaltools.gnu-tools-for-stm32.9-2020-q2-update.win32_2.0.0.202105311346/tools/bin/../lib/gcc/arm-none-eabi/9.3.1/../../../../arm-none-eabi/lib/thumb/v7-m/nofp/crt0.o (__libc_init_array)
c:/st/stm32cubeide_1.7.0/stm32cubeide/plugins/com.st.stm32cube.ide.mcu.externaltools.gnu-tools-for-stm32.9-2020-q2-update.win32_2.0.0.202105311346/tools/bin/../lib/gcc/arm-none-eabi/9.3.1/../../../../arm-none-eabi/lib/thumb/v7-m/nofp\libc_nano.a(lib_a-memset.o)
                              c:/st/stm32cubeide_1.7.0/stm32cubeide/plugins/com.st.stm32cube.ide.mcu.externaltools.gnu-tools-for-stm32.9-2020-q2-update.win32_2.0.0.202105311346/tools/bin/../lib/gcc/arm-none-eabi/9.3.1/../../../../arm-none-eabi/lib/thumb/v7-m/nofp/crt0.o (memset)
c:/st/stm32cubeide_1.7.0/stm32cubeide/plugins/com.st.stm32cube.ide.mcu.externaltools.gnu-tools-for-stm32.9-2020-q2-update.win32_2.0.0.202105311346/tools/bin/../lib/gcc/arm-none-eabi/9.3.1/../../../../arm-none-eabi/lib/thumb/v7-m/nofp\libc_nano.a(lib_a-sprintf.o)
                              ./Core/Src/uart_communication.o (sprintf)
c:/st/stm32cubeide_1.7.0/stm32cubeide/plugins/com.st.stm32cube.ide.mcu.externaltools.gnu-tools-for-stm32.9-2020-q2-update.win32_2.0.0.202105311346/tools/bin/../lib/gcc/arm-none-eabi/9.3.1/../../../../arm-none-eabi/lib/thumb/v7-m/nofp\libc_nano.a(lib_a-nano-svfprintf.o)
                              c:/st/stm32cubeide_1.7.0/stm32cubeide/plugins/com.st.stm32cube.ide.mcu.externaltools.gnu-tools-for-stm32.9-2020-q2-update.win32_2.0.0.202105311346/tools/bin/../lib/gcc/arm-none-eabi/9.3.1/../../../../arm-none-eabi/lib/thumb/v7-m/nofp\libc_nano.a(lib_a-sprintf.o) (_svfprintf_r)
c:/st/stm32cubeide_1.7.0/stm32cubeide/plugins/com.st.stm32cube.ide.mcu.externaltools.gnu-tools-for-stm32.9-2020-q2-update.win32_2.0.0.202105311346/tools/bin/../lib/gcc/arm-none-eabi/9.3.1/../../../../arm-none-eabi/lib/thumb/v7-m/nofp\libc_nano.a(lib_a-nano-vfprintf_i.o)
                              c:/st/stm32cubeide_1.7.0/stm32cubeide/plugins/com.st.stm32cube.ide.mcu.externaltools.gnu-tools-for-stm32.9-2020-q2-update.win32_2.0.0.202105311346/tools/bin/../lib/gcc/arm-none-eabi/9.3.1/../../../../arm-none-eabi/lib/thumb/v7-m/nofp\libc_nano.a(lib_a-nano-svfprintf.o) (_printf_i)
c:/st/stm32cubeide_1.7.0/stm32cubeide/plugins/com.st.stm32cube.ide.mcu.externaltools.gnu-tools-for-stm32.9-2020-q2-update.win32_2.0.0.202105311346/tools/bin/../lib/gcc/arm-none-eabi/9.3.1/../../../../arm-none-eabi/lib/thumb/v7-m/nofp\libc_nano.a(lib_a-memchr-stub.o)
                              c:/st/stm32cubeide_1.7.0/stm32cubeide/plugins/com.st.stm32cube.ide.mcu.externaltools.gnu-tools-for-stm32.9-2020-q2-update.win32_2.0.0.202105311346/tools/bin/../lib/gcc/arm-none-eabi/9.3.1/../../../../arm-none-eabi/lib/thumb/v7-m/nofp\libc_nano.a(lib_a-nano-svfprintf.o) (memchr)
c:/st/stm32cubeide_1.7.0/stm32cubeide/plugins/com.st.stm32cube.ide.mcu.externaltools.gnu-tools-for-stm32.9-2020-q2-update.win32_2.0.0.202105311346/tools/bin/../lib/gcc/arm-none-eabi/9.3.1/../../../../arm-none-eabi/lib/thumb/v7-m/nofp\libc_nano.a(lib_a-memcpy-stub.o)
[...]
Memory Configuration

Name             Origin             Length             Attributes
RAM              0x0000000020000000 0x0000000000002800 xrw
FLASH            0x0000000008000000 0x0000000000008000 xr
*default*        0x0000000000000000 0xffffffffffffffff

Linker script and memory map

LOAD c:/st/stm32cubeide_1.7.0/stm32cubeide/plugins/com.st.stm32cube.ide.mcu.externaltools.gnu-tools-for-stm32.9-2020-q2-update.win32_2.0.0.202105311346/tools/bin/../lib/gcc/arm-none-eabi/9.3.1/thumb/v7-m/nofp/crti.o
LOAD c:/st/stm32cubeide_1.7.0/stm32cubeide/plugins/com.st.stm32cube.ide.mcu.externaltools.gnu-tools-for-stm32.9-2020-q2-update.win32_2.0.0.202105311346/tools/bin/../lib/gcc/arm-none-eabi/9.3.1/thumb/v7-m/nofp/crtbegin.o
LOAD c:/st/stm32cubeide_1.7.0/stm32cubeide/plugins/com.st.stm32cube.ide.mcu.externaltools.gnu-tools-for-stm32.9-2020-q2-update.win32_2.0.0.202105311346/tools/bin/../lib/gcc/arm-none-eabi/9.3.1/../../../../arm-none-eabi/lib/thumb/v7-m/nofp/crt0.o
LOAD ./Core/Src/command_parser.o
LOAD ./Core/Src/global.o
LOAD ./Core/Src/main.o
LOAD ./Core/Src/stm32f1xx_hal_msp.o
LOAD ./Core/Src/stm32f1xx_it.o
LOAD ./Core/Src/syscalls.o
LOAD ./Core/Src/sysmem.o
LOAD ./Core/Src/system_stm32f1xx.o
LOAD ./Core/Src/timer.o
LOAD ./Core/Src/uart_communication.o
LOAD ./Core/Startup/startup_stm32f103c6ux.o
LOAD ./Drivers/STM32F1xx_HAL_Driver/Src/stm32f1xx_hal.o
LOAD ./Drivers/STM32F1xx_HAL_Driver/Src/stm32f1xx_hal_adc.o
LOAD ./Drivers/STM32F1xx_HAL_Driver/Src/stm32f1xx_hal_adc_ex.o
LOAD ./Drivers/STM32F1xx_HAL_Driver/Src/stm32f1xx_hal_cortex.o
LOAD ./Drivers/STM32F1xx_HAL_Driver/Src/stm32f1xx_hal_dma.o
LOAD ./Drivers/STM32F1xx_HAL_Driver/Src/stm32f1xx_hal_exti.o
LOAD ./Drivers/STM32F1xx_HAL_Driver/Src/stm32f1xx_hal_flash.o
LOAD ./Drivers/STM32F1xx_HAL_Driver/Src/stm32f1xx_hal_flash_ex.o
LOAD ./Drivers/STM32F1xx_HAL_Driver/Src/stm32f1xx_hal_gpio.o
LOAD ./Drivers/STM32F1xx_HAL_Driver/Src/stm32f1xx_hal_gpio_ex.o
LOAD ./Drivers/STM32F1xx_HAL_Driver/Src/stm32f1xx_hal_pwr.o
LOAD ./Drivers/STM32F1xx_HAL_Driver/Src/stm32f1xx_hal_rcc.o
LOAD ./Drivers/STM32F1xx_HAL_Driver/Src/stm32f1xx_hal_rcc_ex.o
LOAD ./Drivers/STM32F1xx_HAL_Driver/Src/stm32f1xx_hal_tim.o
LOAD ./Drivers/STM32F1xx_HAL_Driver/Src/stm32f1xx_hal_tim_ex.o
LOAD ./Drivers/STM32F1xx_HAL_Driver/Src/stm32f1xx_hal_uart.o
START GROUP
LOAD c:/st/stm32cubeide_1.7.0/stm32cubeide/plugins/com.st.stm32cube.ide.mcu.externaltools.gnu-tools-for-stm32.9-2020-q2-update.win32_2.0.0.202105311346/tools/bin/../lib/gcc/arm-none-eabi/9.3.1/../../../../arm-none-eabi/lib/thumb/v7-m/nofp\libc_nano.a
LOAD c:/st/stm32cubeide_1.7.0/stm32cubeide/plugins/com.st.stm32cube.ide.mcu.externaltools.gnu-tools-for-stm32.9-2020-q2-update.win32_2.0.0.202105311346/tools/bin/../lib/gcc/arm-none-eabi/9.3.1/../../../../arm-none-eabi/lib/thumb/v7-m/nofp\libm.a
END GROUP
START GROUP
LOAD c:/st/stm32cubeide_1.7.0/stm32cubeide/plugins/com.st.stm32cube.ide.mcu.externaltools.gnu-tools-for-stm32.9-2020-q2-update.win32_2.0.0.202105311346/tools/bin/../lib/gcc/arm-none-eabi/9.3.1/thumb/v7-m/nofp\libgcc.a
LOAD c:/st/stm32cubeide_1.7.0/stm32cubeide/plugins/com.st.stm32cube.ide.mcu.externaltools.gnu-tools-for-stm32.9-2020-q2-update.win32_2.0.0.202105311346/tools/bin/../lib/gcc/arm-none-eabi/9.3.1/../../../../arm-none-eabi/lib/thumb/v7-m/nofp\libc_nano.a
END GROUP
START GROUP
LOAD c:/st/stm32cubeide_1.7.0/stm32cubeide/plugins/com.st.stm32cube.ide.mcu.externaltools.gnu-tools-for-stm32.9-2020-q2-update.win32_2.0.0.202105311346/tools/bin/../lib/gcc/arm-none-eabi/9.3.1/thumb/v7-m/nofp\libgcc.a
LOAD c:/st/stm32cubeide_1.7.0/stm32cubeide/plugins/com.st.stm32cube.ide.mcu.externaltools.gnu-tools-for-stm32.9-2020-q2-update.win32_2.0.0.202105311346/tools/bin/../lib/gcc/arm-none-eabi/9.3.1/../../../../arm-none-eabi/lib/thumb/v7-m/nofp\libc_nano.a
LOAD c:/st/stm32cubeide_1.7.0/stm32cubeide/plugins/com.st.stm32cube.ide.mcu.externaltools.gnu-tools-for-stm32.9-2020-q2-update.win32_2.0.0.202105311346/tools/bin/../lib/gcc/arm-none-eabi/9.3.1/../../../../arm-none-eabi/lib/thumb/v7-m/nofp\libnosys.a
END GROUP
START GROUP
LOAD c:/st/stm32cubeide_1.7.0/stm32cubeide/plugins/com.st.stm32cube.ide.mcu.externaltools.gnu-tools-for-stm32.9-2020-q2-update.win32_2.0.0.202105311346/tools/bin/../lib/gcc/arm-none-eabi/9.3.1/thumb/v7-m/nofp\libgcc.a
LOAD c:/st/stm32cubeide_1.7.0/stm32cubeide/plugins/com.st.stm32cube.ide.mcu.externaltools.gnu-tools-for-stm32.9-2020-q2-update.win32_2.0.0.202105311346/tools/bin/../lib/gcc/arm-none-eabi/9.3.1/../../../../arm-none-eabi/lib/thumb/v7-m/nofp\libc_nano.a
LOAD c:/st/stm32cubeide_1.7.0/stm32cubeide/plugins/com.st.stm32cube.ide.mcu.externaltools.gnu-tools-for-stm32.9-2020-q2-update.win32_2.0.0.202105311346/tools/bin/../lib/gcc/arm-none-eabi/9.3.1/../../../../arm-none-eabi/lib/thumb/v7-m/nofp\libnosys.a
END GROUP
LOAD c:/st/stm32cubeide_1.7.0/stm32cubeide/plugins/com.st.stm32cube.ide.mcu.externaltools.gnu-tools-for-stm32.9-2020-q2-update.win32_2.0.0.202105311346/tools/bin/../lib/gcc/arm-none-eabi/9.3.1/thumb/v7-m/nofp/crtend.o
LOAD c:/st/stm32cubeide_1.7.0/stm32cubeide/plugins/com.st.stm32cube.ide.mcu.externaltools.gnu-tools-for-stm32.9-2020-q2-update.win32_2.0.0.202105311346/tools/bin/../lib/gcc/arm-none-eabi/9.3.1/thumb/v7-m/nofp/crtn.o
                0x0000000020002800                _estack = (ORIGIN (RAM) + LENGTH (RAM))
                0x0000000000000200                _Min_Heap_Size = 0x200
                0x0000000000000400                _Min_Stack_Size = 0x400

.isr_vector     0x0000000008000000      0x10c
                0x0000000008000000                . = ALIGN (0x4)
 *(.isr_vector)
 .isr_vector    0x0000000008000000      0x10c ./Core/Startup/startup_stm32f103c6ux.o
                0x0000000008000000                g_pfnVectors
                0x000000000800010c                . = ALIGN (0x4)

.text           0x000000000800010c     0x38b0
                0x000000000800010c                . = ALIGN (0x4)
 *(.text)
 .text          0x000000000800010c       0x40 c:/st/stm32cubeide_1.7.0/stm32cubeide/plugins/com.st.stm32cube.ide.mcu.externaltools.gnu-tools-for-stm32.9-2020-q2-update.win32_2.0.0.202105311346/tools/bin/../lib/gcc/arm-none-eabi/9.3.1/thumb/v7-m/nofp/crtbegin.o
 *(.text*)
 .text.command_parser_fsm
                0x000000000800014c       0x8c ./Core/Src/command_parser.o
                0x000000000800014c                command_parser_fsm
 .text.str_cpy  0x00000000080001d8       0x38 ./Core/Src/global.o
                0x00000000080001d8                str_cpy
 .text.compare  0x0000000008000210       0x50 ./Core/Src/global.o
                0x0000000008000210                compare
 .text.HAL_UART_RxCpltCallback
                0x0000000008000260       0x68 ./Core/Src/main.o
                0x0000000008000260                HAL_UART_RxCpltCallback
 .text.main     0x00000000080002c8       0x6c ./Core/Src/main.o
                0x00000000080002c8                main
 .text.SystemClock_Config
                0x0000000008000334       0xa0 ./Core/Src/main.o
                0x0000000008000334                SystemClock_Config
 .text.MX_ADC1_Init
                0x00000000080003d4       0x7c ./Core/Src/main.o
 .text.MX_TIM2_Init
                0x0000000008000450       0x98 ./Core/Src/main.o
 .text.MX_USART2_UART_Init
                0x00000000080004e8       0x54 ./Core/Src/main.o
 .text.MX_GPIO_Init
                0x000000000800053c       0x7c ./Core/Src/main.o
 .text.Error_Handler
                0x00000000080005b8        0xa ./Core/Src/main.o
                0x00000000080005b8                Error_Handler
 *fill*         0x00000000080005c2        0x2 
 .text.HAL_MspInit
                0x00000000080005c4       0x64 ./Core/Src/stm32f1xx_hal_msp.o
                0x00000000080005c4                HAL_MspInit
 .text.HAL_ADC_MspInit
                0x0000000008000628       0x78 ./Core/Src/stm32f1xx_hal_msp.o
                0x0000000008000628                HAL_ADC_MspInit
 .text.HAL_TIM_Base_MspInit
                0x00000000080006a0       0x38 ./Core/Src/stm32f1xx_hal_msp.o
                0x00000000080006a0                HAL_TIM_Base_MspInit
 .text.HAL_UART_MspInit
                0x00000000080006d8       0xa4 ./Core/Src/stm32f1xx_hal_msp.o
                0x00000000080006d8                HAL_UART_MspInit
 .text.NMI_Handler
                0x000000000800077c        0x6 ./Core/Src/stm32f1xx_it.o
                0x000000000800077c                NMI_Handler
 .text.HardFault_Handler
                0x0000000008000782        0x6 ./Core/Src/stm32f1xx_it.o
                0x0000000008000782                HardFault_Handler
 .text.MemManage_Handler
                0x0000000008000788        0x6 ./Core/Src/stm32f1xx_it.o
                0x0000000008000788                MemManage_Handler
 .text.BusFault_Handler
                0x000000000800078e        0x6 ./Core/Src/stm32f1xx_it.o
                0x000000000800078e                BusFault_Handler
 .text.UsageFault_Handler
                0x0000000008000794        0x6 ./Core/Src/stm32f1xx_it.o
                0x0000000008000794                UsageFault_Handler
 .text.SVC_Handler
                0x000000000800079a        0xc ./Core/Src/stm32f1xx_it.o
                0x000000000800079a                SVC_Handler
 .text.DebugMon_Handler
                0x00000000080007a6        0xc ./Core/Src/stm32f1xx_it.o
                0x00000000080007a6                DebugMon_Handler
 .text.PendSV_Handler
                0x00000000080007b2        0xc ./Core/Src/stm32f1xx_it.o
                0x00000000080007b2                PendSV_Handler
 .text.SysTick_Handler
                0x00000000080007be        0xc ./Core/Src/stm32f1xx_it.o
                0x00000000080007be                SysTick_Handler
 *fill*         0x00000000080007ca        0x2 
 .text.USART2_IRQHandler
                0x00000000080007cc       0x14 ./Core/Src/stm32f1xx_it.o
                0x00000000080007cc                USART2_IRQHandler
 .text._sbrk    0x00000000080007e0       0x6c ./Core/Src/sysmem.o
                0x00000000080007e0                _sbrk
 .text.SystemInit
                0x000000000800084c        0xc ./Core/Src/system_stm32f1xx.o
                0x000000000800084c                SystemInit
 .text.SetTimer2
                0x0000000008000858       0x28 ./Core/Src/timer.o
                0x0000000008000858                SetTimer2
 .text.uart_communication_fsm
                0x0000000008000880      0x134 ./Core/Src/uart_communication.o
                0x0000000008000880                uart_communication_fsm
 .text.Reset_Handler
                0x00000000080009b4       0x48 ./Core/Startup/startup_stm32f103c6ux.o
                0x00000000080009b4                Reset_Handler
 .text.Default_Handler
                0x00000000080009fc        0x2 ./Core/Startup/startup_stm32f103c6ux.o
                0x00000000080009fc                RTC_Alarm_IRQHandler
                0x00000000080009fc                EXTI2_IRQHandler
                0x00000000080009fc                TIM1_CC_IRQHandler
                0x00000000080009fc                PVD_IRQHandler
                0x00000000080009fc                EXTI3_IRQHandler
                0x00000000080009fc                EXTI0_IRQHandler
                0x00000000080009fc                ADC1_2_IRQHandler
                0x00000000080009fc                SPI1_IRQHandler
                0x00000000080009fc                TAMPER_IRQHandler
                0x00000000080009fc                DMA1_Channel4_IRQHandler
                0x00000000080009fc                RTC_IRQHandler
                0x00000000080009fc                DMA1_Channel7_IRQHandler
                0x00000000080009fc                CAN1_RX1_IRQHandler
                0x00000000080009fc                I2C1_EV_IRQHandler
                0x00000000080009fc                DMA1_Channel6_IRQHandler
                0x00000000080009fc                TIM3_IRQHandler
                0x00000000080009fc                RCC_IRQHandler
                0x00000000080009fc                TIM1_TRG_COM_IRQHandler
                0x00000000080009fc                DMA1_Channel1_IRQHandler
                0x00000000080009fc                Default_Handler
                0x00000000080009fc                EXTI15_10_IRQHandler
                0x00000000080009fc                EXTI9_5_IRQHandler
                0x00000000080009fc                DMA1_Channel5_IRQHandler
                0x00000000080009fc                EXTI4_IRQHandler
                0x00000000080009fc                USB_LP_CAN1_RX0_IRQHandler
                0x00000000080009fc                USB_HP_CAN1_TX_IRQHandler
                0x00000000080009fc                DMA1_Channel3_IRQHandler
                0x00000000080009fc                TIM1_UP_IRQHandler
                0x00000000080009fc                WWDG_IRQHandler
                0x00000000080009fc                TIM2_IRQHandler
                0x00000000080009fc                TIM1_BRK_IRQHandler
                0x00000000080009fc                EXTI1_IRQHandler
                0x00000000080009fc                DMA1_Channel2_IRQHandler
                0x00000000080009fc                CAN1_SCE_IRQHandler
                0x00000000080009fc                FLASH_IRQHandler
                0x00000000080009fc                USART1_IRQHandler
                0x00000000080009fc                I2C1_ER_IRQHandler
                0x00000000080009fc                USBWakeUp_IRQHandler
 *fill*         0x00000000080009fe        0x2 
 .text.HAL_Init
                0x0000000008000a00       0x2c ./Drivers/STM32F1xx_HAL_Driver/Src/stm32f1xx_hal.o
                0x0000000008000a00                HAL_Init
 .text.HAL_InitTick
                0x0000000008000a2c       0x60 ./Drivers/STM32F1xx_HAL_Driver/Src/stm32f1xx_hal.o
                0x0000000008000a2c                HAL_InitTick
 .text.HAL_IncTick
                0x0000000008000a8c       0x24 ./Drivers/STM32F1xx_HAL_Driver/Src/stm32f1xx_hal.o
                0x0000000008000a8c                HAL_IncTick
 .text.HAL_GetTick
                0x0000000008000ab0       0x14 ./Drivers/STM32F1xx_HAL_Driver/Src/stm32f1xx_hal.o
                0x0000000008000ab0                HAL_GetTick
 .text.HAL_ADC_Init
                0x0000000008000ac4      0x1b0 ./Drivers/STM32F1xx_HAL_Driver/Src/stm32f1xx_hal_adc.o
                0x0000000008000ac4                HAL_ADC_Init
 .text.HAL_ADC_Start
                0x0000000008000c74      0x15c ./Drivers/STM32F1xx_HAL_Driver/Src/stm32f1xx_hal_adc.o
                0x0000000008000c74                HAL_ADC_Start
 .text.HAL_ADC_Stop
                0x0000000008000dd0       0x58 ./Drivers/STM32F1xx_HAL_Driver/Src/stm32f1xx_hal_adc.o
                0x0000000008000dd0                HAL_ADC_Stop
 .text.HAL_ADC_GetValue
                0x0000000008000e28       0x18 ./Drivers/STM32F1xx_HAL_Driver/Src/stm32f1xx_hal_adc.o
                0x0000000008000e28                HAL_ADC_GetValue
 .text.HAL_ADC_ConfigChannel
                0x0000000008000e40      0x1f0 ./Drivers/STM32F1xx_HAL_Driver/Src/stm32f1xx_hal_adc.o
                0x0000000008000e40                HAL_ADC_ConfigChannel
 .text.ADC_Enable
                0x0000000008001030       0xb4 ./Drivers/STM32F1xx_HAL_Driver/Src/stm32f1xx_hal_adc.o
                0x0000000008001030                ADC_Enable
 .text.ADC_ConversionStop_Disable
                0x00000000080010e4       0x82 ./Drivers/STM32F1xx_HAL_Driver/Src/stm32f1xx_hal_adc.o
                0x00000000080010e4                ADC_ConversionStop_Disable
 *fill*         0x0000000008001166        0x2 
 .text.__NVIC_SetPriorityGrouping
                0x0000000008001168       0x48 ./Drivers/STM32F1xx_HAL_Driver/Src/stm32f1xx_hal_cortex.o
 .text.__NVIC_GetPriorityGrouping
                0x00000000080011b0       0x1c ./Drivers/STM32F1xx_HAL_Driver/Src/stm32f1xx_hal_cortex.o
 .text.__NVIC_EnableIRQ
                0x00000000080011cc       0x38 ./Drivers/STM32F1xx_HAL_Driver/Src/stm32f1xx_hal_cortex.o
 .text.__NVIC_SetPriority
                0x0000000008001204       0x54 ./Drivers/STM32F1xx_HAL_Driver/Src/stm32f1xx_hal_cortex.o
 .text.NVIC_EncodePriority
                0x0000000008001258       0x64 ./Drivers/STM32F1xx_HAL_Driver/Src/stm32f1xx_hal_cortex.o
 .text.SysTick_Config
                0x00000000080012bc       0x44 ./Drivers/STM32F1xx_HAL_Driver/Src/stm32f1xx_hal_cortex.o
 .text.HAL_NVIC_SetPriorityGrouping
                0x0000000008001300       0x16 ./Drivers/STM32F1xx_HAL_Driver/Src/stm32f1xx_hal_cortex.o
                0x0000000008001300                HAL_NVIC_SetPriorityGrouping
 .text.HAL_NVIC_SetPriority
                0x0000000008001316       0x38 ./Drivers/STM32F1xx_HAL_Driver/Src/stm32f1xx_hal_cortex.o
                0x0000000008001316                HAL_NVIC_SetPriority
 .text.HAL_NVIC_EnableIRQ
                0x000000000800134e       0x1c ./Drivers/STM32F1xx_HAL_Driver/Src/stm32f1xx_hal_cortex.o
                0x000000000800134e                HAL_NVIC_EnableIRQ
 .text.HAL_SYSTICK_Config
                0x000000000800136a       0x18 ./Drivers/STM32F1xx_HAL_Driver/Src/stm32f1xx_hal_cortex.o
                0x000000000800136a                HAL_SYSTICK_Config
 .text.HAL_DMA_Abort
                0x0000000008001382       0x74 ./Drivers/STM32F1xx_HAL_Driver/Src/stm32f1xx_hal_dma.o
                0x0000000008001382                HAL_DMA_Abort
 *fill*         0x00000000080013f6        0x2 
 .text.HAL_DMA_Abort_IT
                0x00000000080013f8       0xec ./Drivers/STM32F1xx_HAL_Driver/Src/stm32f1xx_hal_dma.o
                0x00000000080013f8                HAL_DMA_Abort_IT
 .text.HAL_GPIO_Init
                0x00000000080014e4      0x2f4 ./Drivers/STM32F1xx_HAL_Driver/Src/stm32f1xx_hal_gpio.o
                0x00000000080014e4                HAL_GPIO_Init
 .text.HAL_GPIO_WritePin
                0x00000000080017d8       0x30 ./Drivers/STM32F1xx_HAL_Driver/Src/stm32f1xx_hal_gpio.o
                0x00000000080017d8                HAL_GPIO_WritePin
 .text.HAL_RCC_OscConfig
                0x0000000008001808      0x500 ./Drivers/STM32F1xx_HAL_Driver/Src/stm32f1xx_hal_rcc.o
                0x0000000008001808                HAL_RCC_OscConfig
 .text.HAL_RCC_ClockConfig
                0x0000000008001d08      0x1d4 ./Drivers/STM32F1xx_HAL_Driver/Src/stm32f1xx_hal_rcc.o
                0x0000000008001d08                HAL_RCC_ClockConfig
 .text.HAL_RCC_GetSysClockFreq
                0x0000000008001edc       0xc0 ./Drivers/STM32F1xx_HAL_Driver/Src/stm32f1xx_hal_rcc.o
                0x0000000008001edc                HAL_RCC_GetSysClockFreq
 .text.HAL_RCC_GetHCLKFreq
                0x0000000008001f9c       0x14 ./Drivers/STM32F1xx_HAL_Driver/Src/stm32f1xx_hal_rcc.o
                0x0000000008001f9c                HAL_RCC_GetHCLKFreq
 .text.HAL_RCC_GetPCLK1Freq
                0x0000000008001fb0       0x28 ./Drivers/STM32F1xx_HAL_Driver/Src/stm32f1xx_hal_rcc.o
                0x0000000008001fb0                HAL_RCC_GetPCLK1Freq
 .text.HAL_RCC_GetPCLK2Freq
                0x0000000008001fd8       0x28 ./Drivers/STM32F1xx_HAL_Driver/Src/stm32f1xx_hal_rcc.o
                0x0000000008001fd8                HAL_RCC_GetPCLK2Freq
 .text.RCC_Delay
                0x0000000008002000       0x3c ./Drivers/STM32F1xx_HAL_Driver/Src/stm32f1xx_hal_rcc.o
 .text.HAL_RCCEx_PeriphCLKConfig
                0x000000000800203c      0x16c ./Drivers/STM32F1xx_HAL_Driver/Src/stm32f1xx_hal_rcc_ex.o
                0x000000000800203c                HAL_RCCEx_PeriphCLKConfig
 .text.HAL_TIM_Base_Init
                0x00000000080021a8       0x9e ./Drivers/STM32F1xx_HAL_Driver/Src/stm32f1xx_hal_tim.o
                0x00000000080021a8                HAL_TIM_Base_Init
 .text.HAL_TIM_ConfigClockSource
                0x0000000008002246      0x188 ./Drivers/STM32F1xx_HAL_Driver/Src/stm32f1xx_hal_tim.o
                0x0000000008002246                HAL_TIM_ConfigClockSource
 *fill*         0x00000000080023ce        0x2 
 .text.TIM_Base_SetConfig
                0x00000000080023d0       0xb0 ./Drivers/STM32F1xx_HAL_Driver/Src/stm32f1xx_hal_tim.o
                0x00000000080023d0                TIM_Base_SetConfig
 .text.TIM_TI1_ConfigInputStage
                0x0000000008002480       0x5c ./Drivers/STM32F1xx_HAL_Driver/Src/stm32f1xx_hal_tim.o
 .text.TIM_TI2_ConfigInputStage
                0x00000000080024dc       0x5e ./Drivers/STM32F1xx_HAL_Driver/Src/stm32f1xx_hal_tim.o
 .text.TIM_ITRx_SetConfig
                0x000000000800253a       0x34 ./Drivers/STM32F1xx_HAL_Driver/Src/stm32f1xx_hal_tim.o
 .text.TIM_ETR_SetConfig
                0x000000000800256e       0x3e ./Drivers/STM32F1xx_HAL_Driver/Src/stm32f1xx_hal_tim.o
                0x000000000800256e                TIM_ETR_SetConfig
 .text.HAL_TIMEx_MasterConfigSynchronization
                0x00000000080025ac       0xb0 ./Drivers/STM32F1xx_HAL_Driver/Src/stm32f1xx_hal_tim_ex.o
                0x00000000080025ac                HAL_TIMEx_MasterConfigSynchronization
 .text.HAL_UART_Init
                0x000000000800265c       0x9a ./Drivers/STM32F1xx_HAL_Driver/Src/stm32f1xx_hal_uart.o
                0x000000000800265c                HAL_UART_Init
 .text.HAL_UART_Transmit
                0x00000000080026f6      0x124 ./Drivers/STM32F1xx_HAL_Driver/Src/stm32f1xx_hal_uart.o
                0x00000000080026f6                HAL_UART_Transmit
 .text.HAL_UART_Receive_IT
                0x000000000800281a       0x60 ./Drivers/STM32F1xx_HAL_Driver/Src/stm32f1xx_hal_uart.o
                0x000000000800281a                HAL_UART_Receive_IT
 *fill*         0x000000000800287a        0x2 
 .text.HAL_UART_IRQHandler
                0x000000000800287c      0x354 ./Drivers/STM32F1xx_HAL_Driver/Src/stm32f1xx_hal_uart.o
                0x000000000800287c                HAL_UART_IRQHandler
 .text.HAL_UART_TxCpltCallback
                0x0000000008002bd0       0x12 ./Drivers/STM32F1xx_HAL_Driver/Src/stm32f1xx_hal_uart.o
                0x0000000008002bd0                HAL_UART_TxCpltCallback
 .text.HAL_UART_ErrorCallback
                0x0000000008002be2       0x12 ./Drivers/STM32F1xx_HAL_Driver/Src/stm32f1xx_hal_uart.o
                0x0000000008002be2                HAL_UART_ErrorCallback
 .text.HAL_UARTEx_RxEventCallback
                0x0000000008002bf4       0x16 ./Drivers/STM32F1xx_HAL_Driver/Src/stm32f1xx_hal_uart.o
                0x0000000008002bf4                HAL_UARTEx_RxEventCallback
 .text.UART_WaitOnFlagUntilTimeout
                0x0000000008002c0a       0x94 ./Drivers/STM32F1xx_HAL_Driver/Src/stm32f1xx_hal_uart.o
 .text.UART_Start_Receive_IT
                0x0000000008002c9e       0x72 ./Drivers/STM32F1xx_HAL_Driver/Src/stm32f1xx_hal_uart.o
                0x0000000008002c9e                UART_Start_Receive_IT
 .text.UART_EndRxTransfer
                0x0000000008002d10       0x58 ./Drivers/STM32F1xx_HAL_Driver/Src/stm32f1xx_hal_uart.o
 .text.UART_DMAAbortOnError
                0x0000000008002d68       0x28 ./Drivers/STM32F1xx_HAL_Driver/Src/stm32f1xx_hal_uart.o
 .text.UART_Transmit_IT
                0x0000000008002d90       0x9e ./Drivers/STM32F1xx_HAL_Driver/Src/stm32f1xx_hal_uart.o
 .text.UART_EndTransmit_IT
                0x0000000008002e2e       0x30 ./Drivers/STM32F1xx_HAL_Driver/Src/stm32f1xx_hal_uart.o
 .text.UART_Receive_IT
                0x0000000008002e5e      0x152 ./Drivers/STM32F1xx_HAL_Driver/Src/stm32f1xx_hal_uart.o
 .text.UART_SetConfig
                0x0000000008002fb0      0x11c ./Drivers/STM32F1xx_HAL_Driver/Src/stm32f1xx_hal_uart.o
 .text.__errno  0x00000000080030cc        0xc c:/st/stm32cubeide_1.7.0/stm32cubeide/plugins/com.st.stm32cube.ide.mcu.externaltools.gnu-tools-for-stm32.9-2020-q2-update.win32_2.0.0.202105311346/tools/bin/../lib/gcc/arm-none-eabi/9.3.1/../../../../arm-none-eabi/lib/thumb/v7-m/nofp\libc_nano.a(lib_a-errno.o)
                0x00000000080030cc                __errno
 .text.__libc_init_array
                0x00000000080030d8       0x48 c:/st/stm32cubeide_1.7.0/stm32cubeide/plugins/com.st.stm32cube.ide.mcu.externaltools.gnu-tools-for-stm32.9-2020-q2-update.win32_2.0.0.202105311346/tools/bin/../lib/gcc/arm-none-eabi/9.3.1/../../../../arm-none-eabi/lib/thumb/v7-m/nofp\libc_nano.a(lib_a-init.o)
                0x00000000080030d8                __libc_init_array
 .text.memset   0x0000000008003120       0x10 c:/st/stm32cubeide_1.7.0/stm32cubeide/plugins/com.st.stm32cube.ide.mcu.externaltools.gnu-tools-for-stm32.9-2020-q2-update.win32_2.0.0.202105311346/tools/bin/../lib/gcc/arm-none-eabi/9.3.1/../../../../arm-none-eabi/lib/thumb/v7-m/nofp\libc_nano.a(lib_a-memset.o)
                0x0000000008003120                memset
 .text.sprintf  0x0000000008003130       0x40 c:/st/stm32cubeide_1.7.0/stm32cubeide/plugins/com.st.stm32cube.ide.mcu.externaltools.gnu-tools-for-stm32.9-2020-q2-update.win32_2.0.0.202105311346/tools/bin/../lib/gcc/arm-none-eabi/9.3.1/../../../../arm-none-eabi/lib/thumb/v7-m/nofp\libc_nano.a(lib_a-sprintf.o)
                0x0000000008003130                siprintf
                0x0000000008003130                sprintf
 .text.__ssputs_r
                0x0000000008003170       0xb6 c:/st/stm32cubeide_1.7.0/stm32cubeide/plugins/com.st.stm32cube.ide.mcu.externaltools.gnu-tools-for-stm32.9-2020-q2-update.win32_2.0.0.202105311346/tools/bin/../lib/gcc/arm-none-eabi/9.3.1/../../../../arm-none-eabi/lib/thumb/v7-m/nofp\libc_nano.a(lib_a-nano-svfprintf.o)
                0x0000000008003170                __ssputs_r
 *fill*         0x0000000008003226        0x2 
 .text._svfprintf_r
                0x0000000008003228      0x200 c:/st/stm32cubeide_1.7.0/stm32cubeide/plugins/com.st.stm32cube.ide.mcu.externaltools.gnu-tools-for-stm32.9-2020-q2-update.win32_2.0.0.202105311346/tools/bin/../lib/gcc/arm-none-eabi/9.3.1/../../../../arm-none-eabi/lib/thumb/v7-m/nofp\libc_nano.a(lib_a-nano-svfprintf.o)
                0x0000000008003228                _svfiprintf_r
                0x0000000008003228                _svfprintf_r
 .text._printf_common
                0x0000000008003428       0xde c:/st/stm32cubeide_1.7.0/stm32cubeide/plugins/com.st.stm32cube.ide.mcu.externaltools.gnu-tools-for-stm32.9-2020-q2-update.win32_2.0.0.202105311346/tools/bin/../lib/gcc/arm-none-eabi/9.3.1/../../../../arm-none-eabi/lib/thumb/v7-m/nofp\libc_nano.a(lib_a-nano-vfprintf_i.o)
                0x0000000008003428                _printf_common
 *fill*         0x0000000008003506        0x2 
 .text._printf_i
                0x0000000008003508      0x24c c:/st/stm32cubeide_1.7.0/stm32cubeide/plugins/com.st.stm32cube.ide.mcu.externaltools.gnu-tools-for-stm32.9-2020-q2-update.win32_2.0.0.202105311346/tools/bin/../lib/gcc/arm-none-eabi/9.3.1/../../../../arm-none-eabi/lib/thumb/v7-m/nofp\libc_nano.a(lib_a-nano-vfprintf_i.o)
                0x0000000008003508                _printf_i
 .text.memchr   0x0000000008003754       0x1c c:/st/stm32cubeide_1.7.0/stm32cubeide/plugins/com.st.stm32cube.ide.mcu.externaltools.gnu-tools-for-stm32.9-2020-q2-update.win32_2.0.0.202105311346/tools/bin/../lib/gcc/arm-none-eabi/9.3.1/../../../../arm-none-eabi/lib/thumb/v7-m/nofp\libc_nano.a(lib_a-memchr-stub.o)
                0x0000000008003754                memchr
 .text.memcpy   0x0000000008003770       0x1c c:/st/stm32cubeide_1.7.0/stm32cubeide/plugins/com.st.stm32cube.ide.mcu.externaltools.gnu-tools-for-stm32.9-2020-q2-update.win32_2.0.0.202105311346/tools/bin/../lib/gcc/arm-none-eabi/9.3.1/../../../../arm-none-eabi/lib/thumb/v7-m/nofp\libc_nano.a(lib_a-memcpy-stub.o)
                0x0000000008003770                memcpy
 .text.memmove  0x000000000800378c       0x34 c:/st/stm32cubeide_1.7.0/stm32cubeide/plugins/com.st.stm32cube.ide.mcu.externaltools.gnu-tools-for-stm32.9-2020-q2-update.win32_2.0.0.202105311346/tools/bin/../lib/gcc/arm-none-eabi/9.3.1/../../../../arm-none-eabi/lib/thumb/v7-m/nofp\libc_nano.a(lib_a-memmove.o)
                0x000000000800378c                memmove
 .text._free_r  0x00000000080037c0       0x98 c:/st/stm32cubeide_1.7.0/stm32cubeide/plugins/com.st.stm32cube.ide.mcu.externaltools.gnu-tools-for-stm32.9-2020-q2-update.win32_2.0.0.202105311346/tools/bin/../lib/gcc/arm-none-eabi/9.3.1/../../../../arm-none-eabi/lib/thumb/v7-m/nofp\libc_nano.a(lib_a-nano-freer.o)
                0x00000000080037c0                _free_r
 .text._malloc_r
                0x0000000008003858       0xb4 c:/st/stm32cubeide_1.7.0/stm32cubeide/plugins/com.st.stm32cube.ide.mcu.externaltools.gnu-tools-for-stm32.9-2020-q2-update.win32_2.0.0.202105311346/tools/bin/../lib/gcc/arm-none-eabi/9.3.1/../../../../arm-none-eabi/lib/thumb/v7-m/nofp\libc_nano.a(lib_a-nano-mallocr.o)
                0x0000000008003858                _malloc_r
 .text._realloc_r
                0x000000000800390c       0x4c c:/st/stm32cubeide_1.7.0/stm32cubeide/plugins/com.st.stm32cube.ide.mcu.externaltools.gnu-tools-for-stm32.9-2020-q2-update.win32_2.0.0.202105311346/tools/bin/../lib/gcc/arm-none-eabi/9.3.1/../../../../arm-none-eabi/lib/thumb/v7-m/nofp\libc_nano.a(lib_a-nano-reallocr.o)
                0x000000000800390c                _realloc_r
 .text._sbrk_r  0x0000000008003958       0x20 c:/st/stm32cubeide_1.7.0/stm32cubeide/plugins/com.st.stm32cube.ide.mcu.externaltools.gnu-tools-for-stm32.9-2020-q2-update.win32_2.0.0.202105311346/tools/bin/../lib/gcc/arm-none-eabi/9.3.1/../../../../arm-none-eabi/lib/thumb/v7-m/nofp\libc_nano.a(lib_a-sbrkr.o)
                0x0000000008003958                _sbrk_r
 .text.__malloc_lock
                0x0000000008003978        0xc c:/st/stm32cubeide_1.7.0/stm32cubeide/plugins/com.st.stm32cube.ide.mcu.externaltools.gnu-tools-for-stm32.9-2020-q2-update.win32_2.0.0.202105311346/tools/bin/../lib/gcc/arm-none-eabi/9.3.1/../../../../arm-none-eabi/lib/thumb/v7-m/nofp\libc_nano.a(lib_a-mlock.o)
                0x0000000008003978                __malloc_lock
 .text.__malloc_unlock
                0x0000000008003984        0xc c:/st/stm32cubeide_1.7.0/stm32cubeide/plugins/com.st.stm32cube.ide.mcu.externaltools.gnu-tools-for-stm32.9-2020-q2-update.win32_2.0.0.202105311346/tools/bin/../lib/gcc/arm-none-eabi/9.3.1/../../../../arm-none-eabi/lib/thumb/v7-m/nofp\libc_nano.a(lib_a-mlock.o)
                0x0000000008003984                __malloc_unlock
 .text._malloc_usable_size_r
                0x0000000008003990       0x10 c:/st/stm32cubeide_1.7.0/stm32cubeide/plugins/com.st.stm32cube.ide.mcu.externaltools.gnu-tools-for-stm32.9-2020-q2-update.win32_2.0.0.202105311346/tools/bin/../lib/gcc/arm-none-eabi/9.3.1/../../../../arm-none-eabi/lib/thumb/v7-m/nofp\libc_nano.a(lib_a-nano-msizer.o)
                0x0000000008003990                _malloc_usable_size_r
 .text.__retarget_lock_acquire_recursive
                0x00000000080039a0        0x2 c:/st/stm32cubeide_1.7.0/stm32cubeide/plugins/com.st.stm32cube.ide.mcu.externaltools.gnu-tools-for-stm32.9-2020-q2-update.win32_2.0.0.202105311346/tools/bin/../lib/gcc/arm-none-eabi/9.3.1/../../../../arm-none-eabi/lib/thumb/v7-m/nofp\libc_nano.a(lib_a-lock.o)
                0x00000000080039a0                __retarget_lock_acquire_recursive
 .text.__retarget_lock_release_recursive
                0x00000000080039a2        0x2 c:/st/stm32cubeide_1.7.0/stm32cubeide/plugins/com.st.stm32cube.ide.mcu.externaltools.gnu-tools-for-stm32.9-2020-q2-update.win32_2.0.0.202105311346/tools/bin/../lib/gcc/arm-none-eabi/9.3.1/../../../../arm-none-eabi/lib/thumb/v7-m/nofp\libc_nano.a(lib_a-lock.o)
                0x00000000080039a2                __retarget_lock_release_recursive
 *(.glue_7)
 .glue_7        0x00000000080039a4        0x0 linker stubs
 *(.glue_7t)
 .glue_7t       0x00000000080039a4        0x0 linker stubs
 *(.eh_frame)
 .eh_frame      0x00000000080039a4        0x0 c:/st/stm32cubeide_1.7.0/stm32cubeide/plugins/com.st.stm32cube.ide.mcu.externaltools.gnu-tools-for-stm32.9-2020-q2-update.win32_2.0.0.202105311346/tools/bin/../lib/gcc/arm-none-eabi/9.3.1/thumb/v7-m/nofp/crtbegin.o
 *(.init)
 .init          0x00000000080039a4        0x4 c:/st/stm32cubeide_1.7.0/stm32cubeide/plugins/com.st.stm32cube.ide.mcu.externaltools.gnu-tools-for-stm32.9-2020-q2-update.win32_2.0.0.202105311346/tools/bin/../lib/gcc/arm-none-eabi/9.3.1/thumb/v7-m/nofp/crti.o
                0x00000000080039a4                _init
 .init          0x00000000080039a8        0x8 c:/st/stm32cubeide_1.7.0/stm32cubeide/plugins/com.st.stm32cube.ide.mcu.externaltools.gnu-tools-for-stm32.9-2020-q2-update.win32_2.0.0.202105311346/tools/bin/../lib/gcc/arm-none-eabi/9.3.1/thumb/v7-m/nofp/crtn.o
 *(.fini)
 .fini          0x00000000080039b0        0x4 c:/st/stm32cubeide_1.7.0/stm32cubeide/plugins/com.st.stm32cube.ide.mcu.externaltools.gnu-tools-for-stm32.9-2020-q2-update.win32_2.0.0.202105311346/tools/bin/../lib/gcc/arm-none-eabi/9.3.1/thumb/v7-m/nofp/crti.o
                0x00000000080039b0                _fini
 .fini          0x00000000080039b4        0x8 c:/st/stm32cubeide_1.7.0/stm32cubeide/plugins/com.st.stm32cube.ide.mcu.externaltools.gnu-tools-for-stm32.9-2020-q2-update.win32_2.0.0.202105311346/tools/bin/../lib/gcc/arm-none-eabi/9.3.1/thumb/v7-m/nofp/crtn.o
                0x00000000080039bc                . = ALIGN (0x4)
                0x00000000080039bc                _etext = .

.vfp11_veneer   0x00000000080039bc        0x0
 .vfp11_veneer  0x00000000080039bc        0x0 linker stubs

.v4_bx          0x00000000080039bc        0x0
 .v4_bx         0x00000000080039bc        0x0 linker stubs

.iplt           0x00000000080039bc        0x0
 .iplt          0x00000000080039bc        0x0 c:/st/stm32cubeide_1.7.0/stm32cubeide/plugins/com.st.stm32cube.ide.mcu.externaltools.gnu-tools-for-stm32.9-2020-q2-update.win32_2.0.0.202105311346/tools/bin/../lib/gcc/arm-none-eabi/9.3.1/thumb/v7-m/nofp/crtbegin.o

.rodata         0x00000000080039bc       0xac
                0x00000000080039bc                . = ALIGN (0x4)
 *(.rodata)
 .rodata        0x00000000080039bc        0x6 ./Core/Src/main.o
 *fill*         0x00000000080039c2        0x2 
 .rodata        0x00000000080039c4       0x46 ./Core/Src/uart_communication.o
 *fill*         0x0000000008003a0a        0x2 
 .rodata        0x0000000008003a0c       0x10 ./Drivers/STM32F1xx_HAL_Driver/Src/stm32f1xx_hal_rcc.o
 *(.rodata*)
 .rodata.AHBPrescTable
                0x0000000008003a1c       0x10 ./Core/Src/system_stm32f1xx.o
                0x0000000008003a1c                AHBPrescTable
 .rodata.APBPrescTable
                0x0000000008003a2c        0x8 ./Core/Src/system_stm32f1xx.o
                0x0000000008003a2c                APBPrescTable
 .rodata._svfprintf_r.str1.1
                0x0000000008003a34       0x11 c:/st/stm32cubeide_1.7.0/stm32cubeide/plugins/com.st.stm32cube.ide.mcu.externaltools.gnu-tools-for-stm32.9-2020-q2-update.win32_2.0.0.202105311346/tools/bin/../lib/gcc/arm-none-eabi/9.3.1/../../../../arm-none-eabi/lib/thumb/v7-m/nofp\libc_nano.a(lib_a-nano-svfprintf.o)
 .rodata._printf_i.str1.1
                0x0000000008003a45       0x22 c:/st/stm32cubeide_1.7.0/stm32cubeide/plugins/com.st.stm32cube.ide.mcu.externaltools.gnu-tools-for-stm32.9-2020-q2-update.win32_2.0.0.202105311346/tools/bin/../lib/gcc/arm-none-eabi/9.3.1/../../../../arm-none-eabi/lib/thumb/v7-m/nofp\libc_nano.a(lib_a-nano-vfprintf_i.o)
                0x0000000008003a68                . = ALIGN (0x4)
 *fill*         0x0000000008003a67        0x1 

.rel.dyn        0x0000000008003a68        0x0
 .rel.iplt      0x0000000008003a68        0x0 c:/st/stm32cubeide_1.7.0/stm32cubeide/plugins/com.st.stm32cube.ide.mcu.externaltools.gnu-tools-for-stm32.9-2020-q2-update.win32_2.0.0.202105311346/tools/bin/../lib/gcc/arm-none-eabi/9.3.1/thumb/v7-m/nofp/crtbegin.o

.ARM.extab      0x0000000008003a68        0x0
                0x0000000008003a68                . = ALIGN (0x4)
 *(.ARM.extab* .gnu.linkonce.armextab.*)
                0x0000000008003a68                . = ALIGN (0x4)

.ARM            0x0000000008003a68        0x0
                0x0000000008003a68                . = ALIGN (0x4)
                0x0000000008003a68                __exidx_start = .
 *(.ARM.exidx*)
                0x0000000008003a68                __exidx_end = .
                0x0000000008003a68                . = ALIGN (0x4)

.preinit_array  0x0000000008003a68        0x0
                0x0000000008003a68                . = ALIGN (0x4)
                0x0000000008003a68                PROVIDE (__preinit_array_start = .)
 *(.preinit_array*)
                0x0000000008003a68                PROVIDE (__preinit_array_end = .)
                0x0000000008003a68                . = ALIGN (0x4)

.init_array     0x0000000008003a68        0x4
                0x0000000008003a68                . = ALIGN (0x4)
                0x0000000008003a68                PROVIDE (__init_array_start = .)
 *(SORT_BY_NAME(.init_array.*))
 *(.init_array*)
 .init_array    0x0000000008003a68        0x4 c:/st/stm32cubeide_1.7.0/stm32cubeide/plugins/com.st.stm32cube.ide.mcu.externaltools.gnu-tools-for-stm32.9-2020-q2-update.win32_2.0.0.202105311346/tools/bin/../lib/gcc/arm-none-eabi/9.3.1/thumb/v7-m/nofp/crtbegin.o
                0x0000000008003a6c                PROVIDE (__init_array_end = .)
                0x0000000008003a6c                . = ALIGN (0x4)

.fini_array     0x0000000008003a6c        0x4
                0x0000000008003a6c                . = ALIGN (0x4)
                [!provide]                        PROVIDE (__fini_array_start = .)
 *(SORT_BY_NAME(.fini_array.*))
 *(.fini_array*)
 .fini_array    0x0000000008003a6c        0x4 c:/st/stm32cubeide_1.7.0/stm32cubeide/plugins/com.st.stm32cube.ide.mcu.externaltools.gnu-tools-for-stm32.9-2020-q2-update.win32_2.0.0.202105311346/tools/bin/../lib/gcc/arm-none-eabi/9.3.1/thumb/v7-m/nofp/crtbegin.o
                [!provide]                        PROVIDE (__fini_array_end = .)
                0x0000000008003a70                . = ALIGN (0x4)
                0x0000000008003a70                _sidata = LOADADDR (.data)

.data           0x0000000020000000       0x78 load address 0x0000000008003a70
                0x0000000020000000                . = ALIGN (0x4)
                0x0000000020000000                _sdata = .
 *(.data)
 *(.data*)
 .data.command_flag
                0x0000000020000000        0x1 ./Core/Src/global.o
                0x0000000020000000                command_flag
 *fill*         0x0000000020000001        0x3 
 .data.communication_status
                0x0000000020000004        0x4 ./Core/Src/global.o
                0x0000000020000004                communication_status
 .data.SystemCoreClock
                0x0000000020000008        0x4 ./Core/Src/system_stm32f1xx.o
                0x0000000020000008                SystemCoreClock
 .data.uwTickPrio
                0x000000002000000c        0x4 ./Drivers/STM32F1xx_HAL_Driver/Src/stm32f1xx_hal.o
                0x000000002000000c                uwTickPrio
 .data.uwTickFreq
                0x0000000020000010        0x1 ./Drivers/STM32F1xx_HAL_Driver/Src/stm32f1xx_hal.o
                0x0000000020000010                uwTickFreq
 *fill*         0x0000000020000011        0x3 
 .data._impure_ptr
                0x0000000020000014        0x4 c:/st/stm32cubeide_1.7.0/stm32cubeide/plugins/com.st.stm32cube.ide.mcu.externaltools.gnu-tools-for-stm32.9-2020-q2-update.win32_2.0.0.202105311346/tools/bin/../lib/gcc/arm-none-eabi/9.3.1/../../../../arm-none-eabi/lib/thumb/v7-m/nofp\libc_nano.a(lib_a-impure.o)
                0x0000000020000014                _impure_ptr
 .data.impure_data
                0x0000000020000018       0x60 c:/st/stm32cubeide_1.7.0/stm32cubeide/plugins/com.st.stm32cube.ide.mcu.externaltools.gnu-tools-for-stm32.9-2020-q2-update.win32_2.0.0.202105311346/tools/bin/../lib/gcc/arm-none-eabi/9.3.1/../../../../arm-none-eabi/lib/thumb/v7-m/nofp\libc_nano.a(lib_a-impure.o)
 *(.RamFunc)
 *(.RamFunc*)
                0x0000000020000078                . = ALIGN (0x4)
                0x0000000020000078                _edata = .

.igot.plt       0x0000000020000078        0x0 load address 0x0000000008003ae8
 .igot.plt      0x0000000020000078        0x0 c:/st/stm32cubeide_1.7.0/stm32cubeide/plugins/com.st.stm32cube.ide.mcu.externaltools.gnu-tools-for-stm32.9-2020-q2-update.win32_2.0.0.202105311346/tools/bin/../lib/gcc/arm-none-eabi/9.3.1/thumb/v7-m/nofp/crtbegin.o
                0x0000000020000078                . = ALIGN (0x4)

.bss            0x0000000020000078      0x14c load address 0x0000000008003ae8
                0x0000000020000078                _sbss = .
                0x0000000020000078                __bss_start__ = _sbss
 *(.bss)
 .bss           0x0000000020000078       0x1c c:/st/stm32cubeide_1.7.0/stm32cubeide/plugins/com.st.stm32cube.ide.mcu.externaltools.gnu-tools-for-stm32.9-2020-q2-update.win32_2.0.0.202105311346/tools/bin/../lib/gcc/arm-none-eabi/9.3.1/thumb/v7-m/nofp/crtbegin.o
 *(.bss*)
 .bss.status    0x0000000020000094        0x4 ./Core/Src/global.o
                0x0000000020000094                status
 .bss.temp      0x0000000020000098        0x1 ./Core/Src/global.o
                0x0000000020000098                temp
 .bss.index_buffer
                0x0000000020000099        0x1 ./Core/Src/global.o
                0x0000000020000099                index_buffer
 .bss.buffer_flag
                0x000000002000009a        0x1 ./Core/Src/global.o
                0x000000002000009a                buffer_flag
 *fill*         0x000000002000009b        0x1 
 .bss.ADC_Value
                0x000000002000009c        0x4 ./Core/Src/global.o
                0x000000002000009c                ADC_Value
 .bss.__sbrk_heap_end
                0x00000000200000a0        0x4 ./Core/Src/sysmem.o
 .bss.timer2_counter
                0x00000000200000a4        0x4 ./Core/Src/timer.o
                0x00000000200000a4                timer2_counter
 .bss.timer2_flag
                0x00000000200000a8        0x4 ./Core/Src/timer.o
                0x00000000200000a8                timer2_flag
 .bss.__malloc_free_list
                0x00000000200000ac        0x4 c:/st/stm32cubeide_1.7.0/stm32cubeide/plugins/com.st.stm32cube.ide.mcu.externaltools.gnu-tools-for-stm32.9-2020-q2-update.win32_2.0.0.202105311346/tools/bin/../lib/gcc/arm-none-eabi/9.3.1/../../../../arm-none-eabi/lib/thumb/v7-m/nofp\libc_nano.a(lib_a-nano-mallocr.o)
                0x00000000200000ac                __malloc_free_list
 .bss.__malloc_sbrk_start
                0x00000000200000b0        0x4 c:/st/stm32cubeide_1.7.0/stm32cubeide/plugins/com.st.stm32cube.ide.mcu.externaltools.gnu-tools-for-stm32.9-2020-q2-update.win32_2.0.0.202105311346/tools/bin/../lib/gcc/arm-none-eabi/9.3.1/../../../../arm-none-eabi/lib/thumb/v7-m/nofp\libc_nano.a(lib_a-nano-mallocr.o)
                0x00000000200000b0                __malloc_sbrk_start
 *(COMMON)
 COMMON         0x00000000200000b4       0x3e ./Core/Src/global.o
                0x00000000200000b4                command_data
                0x00000000200000d4                buffer
 *fill*         0x00000000200000f2        0x2 
 COMMON         0x00000000200000f4       0xbc ./Core/Src/main.o
                0x00000000200000f4                hadc1
                0x0000000020000124                htim2
                0x000000002000016c                huart2
 COMMON         0x00000000200001b0        0x4 ./Drivers/STM32F1xx_HAL_Driver/Src/stm32f1xx_hal.o
                0x00000000200001b0                uwTick
 COMMON         0x00000000200001b4        0x4 c:/st/stm32cubeide_1.7.0/stm32cubeide/plugins/com.st.stm32cube.ide.mcu.externaltools.gnu-tools-for-stm32.9-2020-q2-update.win32_2.0.0.202105311346/tools/bin/../lib/gcc/arm-none-eabi/9.3.1/../../../../arm-none-eabi/lib/thumb/v7-m/nofp\libc_nano.a(lib_a-reent.o)
                0x00000000200001b4                errno
 COMMON         0x00000000200001b8        0x9 c:/st/stm32cubeide_1.7.0/stm32cubeide/plugins/com.st.stm32cube.ide.mcu.externaltools.gnu-tools-for-stm32.9-2020-q2-update.win32_2.0.0.202105311346/tools/bin/../lib/gcc/arm-none-eabi/9.3.1/../../../../arm-none-eabi/lib/thumb/v7-m/nofp\libc_nano.a(lib_a-lock.o)
                0x00000000200001b8                __lock___atexit_recursive_mutex
                0x00000000200001b9                __lock___arc4random_mutex
                0x00000000200001ba                __lock___env_recursive_mutex
                0x00000000200001bb                __lock___sinit_recursive_mutex
                0x00000000200001bc                __lock___malloc_recursive_mutex
                0x00000000200001bd                __lock___at_quick_exit_mutex
                0x00000000200001be                __lock___dd_hash_mutex
                0x00000000200001bf                __lock___tz_mutex
                0x00000000200001c0                __lock___sfp_recursive_mutex
                0x00000000200001c4                . = ALIGN (0x4)
 *fill*         0x00000000200001c1        0x3 
                0x00000000200001c4                _ebss = .
                0x00000000200001c4                __bss_end__ = _ebss

._user_heap_stack
                0x00000000200001c4      0x604 load address 0x0000000008003ae8
                0x00000000200001c8                . = ALIGN (0x8)
 *fill*         0x00000000200001c4        0x4 
                [!provide]                        PROVIDE (end = .)
                0x00000000200001c8                PROVIDE (_end = .)
                0x00000000200003c8                . = (. + _Min_Heap_Size)
 *fill*         0x00000000200001c8      0x200 
                0x00000000200007c8                . = (. + _Min_Stack_Size)
 *fill*         0x00000000200003c8      0x400 
                0x00000000200007c8                . = ALIGN (0x8)

/DISCARD/
 libc.a(*)
 libm.a(*)
 libgcc.a(*)

.ARM.attributes
                0x0000000000000000       0x29
 *(.ARM.attributes)
 .ARM.attributes
                0x0000000000000000       0x1d c:/st/stm32cubeide_1.7.0/stm32cubeide/plugins/com.st.stm32cube.ide.mcu.externaltools.gnu-tools-for-stm32.9-2020-q2-update.win32_2.0.0.202105311346/tools/bin/../lib/gcc/arm-none-eabi/9.3.1/thumb/v7-m/nofp/crti.o
 .ARM.attributes
                0x000000000000001d       0x2d c:/st/stm32cubeide_1.7.0/stm32cubeide/plugins/com.st.stm32cube.ide.mcu.externaltools.gnu-tools-for-stm32.9-2020-q2-update.win32_2.0.0.202105311346/tools/bin/../lib/gcc/arm-none-eabi/9.3.1/thumb/v7-m/nofp/crtbegin.o
 .ARM.attributes
                0x000000000000004a       0x2d ./Core/Src/command_parser.o
 .ARM.attributes
                0x0000000000000077       0x2d ./Core/Src/global.o
 .ARM.attributes
                0x00000000000000a4       0x2d ./Core/Src/main.o
 .ARM.attributes
                0x00000000000000d1       0x2d ./Core/Src/stm32f1xx_hal_msp.o
 .ARM.attributes
                0x00000000000000fe       0x2d ./Core/Src/stm32f1xx_it.o
 .ARM.attributes
                0x000000000000012b       0x2d ./Core/Src/sysmem.o
 .ARM.attributes
                0x0000000000000158       0x2d ./Core/Src/system_stm32f1xx.o
 .ARM.attributes
                0x0000000000000185       0x2d ./Core/Src/timer.o
 .ARM.attributes
                0x00000000000001b2       0x2d ./Core/Src/uart_communication.o
 .ARM.attributes
                0x00000000000001df       0x21 ./Core/Startup/startup_stm32f103c6ux.o
 .ARM.attributes
                0x0000000000000200       0x2d ./Drivers/STM32F1xx_HAL_Driver/Src/stm32f1xx_hal.o
 .ARM.attributes
                0x000000000000022d       0x2d ./Drivers/STM32F1xx_HAL_Driver/Src/stm32f1xx_hal_adc.o
 .ARM.attributes
                0x000000000000025a       0x2d ./Drivers/STM32F1xx_HAL_Driver/Src/stm32f1xx_hal_cortex.o
 .ARM.attributes
                0x0000000000000287       0x2d ./Drivers/STM32F1xx_HAL_Driver/Src/stm32f1xx_hal_dma.o
 .ARM.attributes
                0x00000000000002b4       0x2d ./Drivers/STM32F1xx_HAL_Driver/Src/stm32f1xx_hal_gpio.o
 .ARM.attributes
                0x00000000000002e1       0x2d ./Drivers/STM32F1xx_HAL_Driver/Src/stm32f1xx_hal_rcc.o
 .ARM.attributes
                0x000000000000030e       0x2d ./Drivers/STM32F1xx_HAL_Driver/Src/stm32f1xx_hal_rcc_ex.o
 .ARM.attributes
                0x000000000000033b       0x2d ./Drivers/STM32F1xx_HAL_Driver/Src/stm32f1xx_hal_tim.o
 .ARM.attributes
                0x0000000000000368       0x2d ./Drivers/STM32F1xx_HAL_Driver/Src/stm32f1xx_hal_tim_ex.o
 .ARM.attributes
                0x0000000000000395       0x2d ./Drivers/STM32F1xx_HAL_Driver/Src/stm32f1xx_hal_uart.o
 .ARM.attributes
                0x00000000000003c2       0x2d c:/st/stm32cubeide_1.7.0/stm32cubeide/plugins/com.st.stm32cube.ide.mcu.externaltools.gnu-tools-for-stm32.9-2020-q2-update.win32_2.0.0.202105311346/tools/bin/../lib/gcc/arm-none-eabi/9.3.1/../../../../arm-none-eabi/lib/thumb/v7-m/nofp\libc_nano.a(lib_a-errno.o)
 .ARM.attributes
                0x00000000000003ef       0x2d c:/st/stm32cubeide_1.7.0/stm32cubeide/plugins/com.st.stm32cube.ide.mcu.externaltools.gnu-tools-for-stm32.9-2020-q2-update.win32_2.0.0.202105311346/tools/bin/../lib/gcc/arm-none-eabi/9.3.1/../../../../arm-none-eabi/lib/thumb/v7-m/nofp\libc_nano.a(lib_a-impure.o)
 .ARM.attributes
                0x000000000000041c       0x2d c:/st/stm32cubeide_1.7.0/stm32cubeide/plugins/com.st.stm32cube.ide.mcu.externaltools.gnu-tools-for-stm32.9-2020-q2-update.win32_2.0.0.202105311346/tools/bin/../lib/gcc/arm-none-eabi/9.3.1/../../../../arm-none-eabi/lib/thumb/v7-m/nofp\libc_nano.a(lib_a-init.o)
 .ARM.attributes
                0x0000000000000449       0x2d c:/st/stm32cubeide_1.7.0/stm32cubeide/plugins/com.st.stm32cube.ide.mcu.externaltools.gnu-tools-for-stm32.9-2020-q2-update.win32_2.0.0.202105311346/tools/bin/../lib/gcc/arm-none-eabi/9.3.1/../../../../arm-none-eabi/lib/thumb/v7-m/nofp\libc_nano.a(lib_a-memset.o)
 .ARM.attributes
                0x0000000000000476       0x2d c:/st/stm32cubeide_1.7.0/stm32cubeide/plugins/com.st.stm32cube.ide.mcu.externaltools.gnu-tools-for-stm32.9-2020-q2-update.win32_2.0.0.202105311346/tools/bin/../lib/gcc/arm-none-eabi/9.3.1/../../../../arm-none-eabi/lib/thumb/v7-m/nofp\libc_nano.a(lib_a-sprintf.o)
 .ARM.attributes
                0x00000000000004a3       0x2d c:/st/stm32cubeide_1.7.0/stm32cubeide/plugins/com.st.stm32cube.ide.mcu.externaltools.gnu-tools-for-stm32.9-2020-q2-update.win32_2.0.0.202105311346/tools/bin/../lib/gcc/arm-none-eabi/9.3.1/../../../../arm-none-eabi/lib/thumb/v7-m/nofp\libc_nano.a(lib_a-nano-svfprintf.o)
 .ARM.attributes
                0x00000000000004d0       0x2d c:/st/stm32cubeide_1.7.0/stm32cubeide/plugins/com.st.stm32cube.ide.mcu.externaltools.gnu-tools-for-stm32.9-2020-q2-update.win32_2.0.0.202105311346/tools/bin/../lib/gcc/arm-none-eabi/9.3.1/../../../../arm-none-eabi/lib/thumb/v7-m/nofp\libc_nano.a(lib_a-nano-vfprintf_i.o)
 .ARM.attributes
                0x00000000000004fd       0x2d c:/st/stm32cubeide_1.7.0/stm32cubeide/plugins/com.st.stm32cube.ide.mcu.externaltools.gnu-tools-for-stm32.9-2020-q2-update.win32_2.0.0.202105311346/tools/bin/../lib/gcc/arm-none-eabi/9.3.1/../../../../arm-none-eabi/lib/thumb/v7-m/nofp\libc_nano.a(lib_a-memchr-stub.o)
 .ARM.attributes
                0x000000000000052a       0x2d c:/st/stm32cubeide_1.7.0/stm32cubeide/plugins/com.st.stm32cube.ide.mcu.externaltools.gnu-tools-for-stm32.9-2020-q2-update.win32_2.0.0.202105311346/tools/bin/../lib/gcc/arm-none-eabi/9.3.1/../../../../arm-none-eabi/lib/thumb/v7-m/nofp\libc_nano.a(lib_a-memcpy-stub.o)
 .ARM.attributes
                0x0000000000000557       0x2d c:/st/stm32cubeide_1.7.0/stm32cubeide/plugins/com.st.stm32cube.ide.mcu.externaltools.gnu-tools-for-stm32.9-2020-q2-update.win32_2.0.0.202105311346/tools/bin/../lib/gcc/arm-none-eabi/9.3.1/../../../../arm-none-eabi/lib/thumb/v7-m/nofp\libc_nano.a(lib_a-memmove.o)
 .ARM.attributes
                0x0000000000000584       0x2d c:/st/stm32cubeide_1.7.0/stm32cubeide/plugins/com.st.stm32cube.ide.mcu.externaltools.gnu-tools-for-stm32.9-2020-q2-update.win32_2.0.0.202105311346/tools/bin/../lib/gcc/arm-none-eabi/9.3.1/../../../../arm-none-eabi/lib/thumb/v7-m/nofp\libc_nano.a(lib_a-nano-freer.o)
 .ARM.attributes
                0x00000000000005b1       0x2d c:/st/stm32cubeide_1.7.0/stm32cubeide/plugins/com.st.stm32cube.ide.mcu.externaltools.gnu-tools-for-stm32.9-2020-q2-update.win32_2.0.0.202105311346/tools/bin/../lib/gcc/arm-none-eabi/9.3.1/../../../../arm-none-eabi/lib/thumb/v7-m/nofp\libc_nano.a(lib_a-nano-mallocr.o)
 .ARM.attributes
                0x00000000000005de       0x2d c:/st/stm32cubeide_1.7.0/stm32cubeide/plugins/com.st.stm32cube.ide.mcu.externaltools.gnu-tools-for-stm32.9-2020-q2-update.win32_2.0.0.202105311346/tools/bin/../lib/gcc/arm-none-eabi/9.3.1/../../../../arm-none-eabi/lib/thumb/v7-m/nofp\libc_nano.a(lib_a-nano-reallocr.o)
 .ARM.attributes
                0x000000000000060b       0x2d c:/st/stm32cubeide_1.7.0/stm32cubeide/plugins/com.st.stm32cube.ide.mcu.externaltools.gnu-tools-for-stm32.9-2020-q2-update.win32_2.0.0.202105311346/tools/bin/../lib/gcc/arm-none-eabi/9.3.1/../../../../arm-none-eabi/lib/thumb/v7-m/nofp\libc_nano.a(lib_a-sbrkr.o)
 .ARM.attributes
                0x0000000000000638       0x2d c:/st/stm32cubeide_1.7.0/stm32cubeide/plugins/com.st.stm32cube.ide.mcu.externaltools.gnu-tools-for-stm32.9-2020-q2-update.win32_2.0.0.202105311346/tools/bin/../lib/gcc/arm-none-eabi/9.3.1/../../../../arm-none-eabi/lib/thumb/v7-m/nofp\libc_nano.a(lib_a-mlock.o)
 .ARM.attributes
                0x0000000000000665       0x2d c:/st/stm32cubeide_1.7.0/stm32cubeide/plugins/com.st.stm32cube.ide.mcu.externaltools.gnu-tools-for-stm32.9-2020-q2-update.win32_2.0.0.202105311346/tools/bin/../lib/gcc/arm-none-eabi/9.3.1/../../../../arm-none-eabi/lib/thumb/v7-m/nofp\libc_nano.a(lib_a-nano-msizer.o)
 .ARM.attributes
                0x0000000000000692       0x2d c:/st/stm32cubeide_1.7.0/stm32cubeide/plugins/com.st.stm32cube.ide.mcu.externaltools.gnu-tools-for-stm32.9-2020-q2-update.win32_2.0.0.202105311346/tools/bin/../lib/gcc/arm-none-eabi/9.3.1/../../../../arm-none-eabi/lib/thumb/v7-m/nofp\libc_nano.a(lib_a-reent.o)
 .ARM.attributes
                0x00000000000006bf       0x2d c:/st/stm32cubeide_1.7.0/stm32cubeide/plugins/com.st.stm32cube.ide.mcu.externaltools.gnu-tools-for-stm32.9-2020-q2-update.win32_2.0.0.202105311346/tools/bin/../lib/gcc/arm-none-eabi/9.3.1/../../../../arm-none-eabi/lib/thumb/v7-m/nofp\libc_nano.a(lib_a-lock.o)
 .ARM.attributes
                0x00000000000006ec       0x1d c:/st/stm32cubeide_1.7.0/stm32cubeide/plugins/com.st.stm32cube.ide.mcu.externaltools.gnu-tools-for-stm32.9-2020-q2-update.win32_2.0.0.202105311346/tools/bin/../lib/gcc/arm-none-eabi/9.3.1/thumb/v7-m/nofp/crtn.o
OUTPUT(LAB 5.elf elf32-littlearm)
LOAD linker stubs
LOAD c:/st/stm32cubeide_1.7.0/stm32cubeide/plugins/com.st.stm32cube.ide.mcu.externaltools.gnu-tools-for-stm32.9-2020-q2-update.win32_2.0.0.202105311346/tools/bin/../lib/gcc/arm-none-eabi/9.3.1/../../../../arm-none-eabi/lib/thumb/v7-m/nofp\libc.a
LOAD c:/st/stm32cubeide_1.7.0/stm32cubeide/plugins/com.st.stm32cube.ide.mcu.externaltools.gnu-tools-for-stm32.9-2020-q2-update.win32_2.0.0.202105311346/tools/bin/../lib/gcc/arm-none-eabi/9.3.1/../../../../arm-none-eabi/lib/thumb/v7-m/nofp\libm.a
LOAD c:/st/stm32cubeide_1.7.0/stm32cubeide/plugins/com.st.stm32cube.ide.mcu.externaltools.gnu-tools-for-stm32.9-2020-q2-update.win32_2.0.0.202105311346/tools/bin/../lib/gcc/arm-none-eabi/9.3.1/thumb/v7-m/nofp\libgcc.a

.debug_info     0x0000000000000000    0x1069f
 .debug_info    0x0000000000000000     0x1164 ./Core/Src/command_parser.o
 .debug_info    0x0000000000001164     0x1268 ./Core/Src/global.o
 .debug_info    0x00000000000023cc     0x1a5c ./Core/Src/main.o
 .debug_info    0x0000000000003e28     0x1064 ./Core/Src/stm32f1xx_hal_msp.o
 .debug_info    0x0000000000004e8c      0x6c0 ./Core/Src/stm32f1xx_it.o
 .debug_info    0x000000000000554c      0xa25 ./Core/Src/sysmem.o
 .debug_info    0x0000000000005f71      0x2be ./Core/Src/system_stm32f1xx.o
 .debug_info    0x000000000000622f       0xe2 ./Core/Src/timer.o
 .debug_info    0x0000000000006311     0x11d4 ./Core/Src/uart_communication.o
 .debug_info    0x00000000000074e5       0x22 ./Core/Startup/startup_stm32f103c6ux.o
 .debug_info    0x0000000000007507      0x74c ./Drivers/STM32F1xx_HAL_Driver/Src/stm32f1xx_hal.o
 .debug_info    0x0000000000007c53      0xd2d ./Drivers/STM32F1xx_HAL_Driver/Src/stm32f1xx_hal_adc.o
 .debug_info    0x0000000000008980      0xbbe ./Drivers/STM32F1xx_HAL_Driver/Src/stm32f1xx_hal_cortex.o
 .debug_info    0x000000000000953e      0x81e ./Drivers/STM32F1xx_HAL_Driver/Src/stm32f1xx_hal_dma.o
 .debug_info    0x0000000000009d5c      0x701 ./Drivers/STM32F1xx_HAL_Driver/Src/stm32f1xx_hal_gpio.o
 .debug_info    0x000000000000a45d      0x88e ./Drivers/STM32F1xx_HAL_Driver/Src/stm32f1xx_hal_rcc.o
 .debug_info    0x000000000000aceb      0x480 ./Drivers/STM32F1xx_HAL_Driver/Src/stm32f1xx_hal_rcc_ex.o
 .debug_info    0x000000000000b16b     0x2a45 ./Drivers/STM32F1xx_HAL_Driver/Src/stm32f1xx_hal_tim.o
 .debug_info    0x000000000000dbb0     0x14d5 ./Drivers/STM32F1xx_HAL_Driver/Src/stm32f1xx_hal_tim_ex.o
 .debug_info    0x000000000000f085     0x161a ./Drivers/STM32F1xx_HAL_Driver/Src/stm32f1xx_hal_uart.o

.debug_abbrev   0x0000000000000000     0x267c
 .debug_abbrev  0x0000000000000000      0x1c4 ./Core/Src/command_parser.o
 .debug_abbrev  0x00000000000001c4      0x21e ./Core/Src/global.o
 .debug_abbrev  0x00000000000003e2      0x30e ./Core/Src/main.o
 .debug_abbrev  0x00000000000006f0      0x1e4 ./Core/Src/stm32f1xx_hal_msp.o
 .debug_abbrev  0x00000000000008d4      0x163 ./Core/Src/stm32f1xx_it.o
 .debug_abbrev  0x0000000000000a37      0x1bf ./Core/Src/sysmem.o
 .debug_abbrev  0x0000000000000bf6      0x14e ./Core/Src/system_stm32f1xx.o
 .debug_abbrev  0x0000000000000d44       0xc3 ./Core/Src/timer.o
 .debug_abbrev  0x0000000000000e07      0x203 ./Core/Src/uart_communication.o
 .debug_abbrev  0x000000000000100a       0x12 ./Core/Startup/startup_stm32f103c6ux.o
 .debug_abbrev  0x000000000000101c      0x1ed ./Drivers/STM32F1xx_HAL_Driver/Src/stm32f1xx_hal.o
 .debug_abbrev  0x0000000000001209      0x1fb ./Drivers/STM32F1xx_HAL_Driver/Src/stm32f1xx_hal_adc.o
 .debug_abbrev  0x0000000000001404      0x313 ./Drivers/STM32F1xx_HAL_Driver/Src/stm32f1xx_hal_cortex.o
 .debug_abbrev  0x0000000000001717      0x228 ./Drivers/STM32F1xx_HAL_Driver/Src/stm32f1xx_hal_dma.o
 .debug_abbrev  0x000000000000193f      0x1e8 ./Drivers/STM32F1xx_HAL_Driver/Src/stm32f1xx_hal_gpio.o
 .debug_abbrev  0x0000000000001b27      0x273 ./Drivers/STM32F1xx_HAL_Driver/Src/stm32f1xx_hal_rcc.o
 .debug_abbrev  0x0000000000001d9a      0x193 ./Drivers/STM32F1xx_HAL_Driver/Src/stm32f1xx_hal_rcc_ex.o
 .debug_abbrev  0x0000000000001f2d      0x25e ./Drivers/STM32F1xx_HAL_Driver/Src/stm32f1xx_hal_tim.o
 .debug_abbrev  0x000000000000218b      0x266 ./Drivers/STM32F1xx_HAL_Driver/Src/stm32f1xx_hal_tim_ex.o
 .debug_abbrev  0x00000000000023f1      0x28b ./Drivers/STM32F1xx_HAL_Driver/Src/stm32f1xx_hal_uart.o

.debug_aranges  0x0000000000000000      0xdc0
 .debug_aranges
                0x0000000000000000       0x20 ./Core/Src/command_parser.o
 .debug_aranges
                0x0000000000000020       0x28 ./Core/Src/global.o
 .debug_aranges
                0x0000000000000048       0x60 ./Core/Src/main.o
 .debug_aranges
                0x00000000000000a8       0x50 ./Core/Src/stm32f1xx_hal_msp.o
 .debug_aranges
                0x00000000000000f8       0x68 ./Core/Src/stm32f1xx_it.o
 .debug_aranges
                0x0000000000000160       0x20 ./Core/Src/sysmem.o
 .debug_aranges
                0x0000000000000180       0x28 ./Core/Src/system_stm32f1xx.o
 .debug_aranges
                0x00000000000001a8       0x30 ./Core/Src/timer.o
 .debug_aranges
                0x00000000000001d8       0x20 ./Core/Src/uart_communication.o
 .debug_aranges
                0x00000000000001f8       0x28 ./Core/Startup/startup_stm32f103c6ux.o
 .debug_aranges
                0x0000000000000220       0xe0 ./Drivers/STM32F1xx_HAL_Driver/Src/stm32f1xx_hal.o
 .debug_aranges
                0x0000000000000300       0xf0 ./Drivers/STM32F1xx_HAL_Driver/Src/stm32f1xx_hal_adc.o
 .debug_aranges
                0x00000000000003f0      0x100 ./Drivers/STM32F1xx_HAL_Driver/Src/stm32f1xx_hal_cortex.o
 .debug_aranges
                0x00000000000004f0       0x80 ./Drivers/STM32F1xx_HAL_Driver/Src/stm32f1xx_hal_dma.o
 .debug_aranges
                0x0000000000000570       0x58 ./Drivers/STM32F1xx_HAL_Driver/Src/stm32f1xx_hal_gpio.o
 .debug_aranges
                0x00000000000005c8       0x90 ./Drivers/STM32F1xx_HAL_Driver/Src/stm32f1xx_hal_rcc.o
 .debug_aranges
                0x0000000000000658       0x30 ./Drivers/STM32F1xx_HAL_Driver/Src/stm32f1xx_hal_rcc_ex.o
 .debug_aranges
                0x0000000000000688      0x3d0 ./Drivers/STM32F1xx_HAL_Driver/Src/stm32f1xx_hal_tim.o
 .debug_aranges
                0x0000000000000a58      0x168 ./Drivers/STM32F1xx_HAL_Driver/Src/stm32f1xx_hal_tim_ex.o
 .debug_aranges
                0x0000000000000bc0      0x200 ./Drivers/STM32F1xx_HAL_Driver/Src/stm32f1xx_hal_uart.o

.debug_ranges   0x0000000000000000      0xcb8
 .debug_ranges  0x0000000000000000       0x10 ./Core/Src/command_parser.o
 .debug_ranges  0x0000000000000010       0x18 ./Core/Src/global.o
 .debug_ranges  0x0000000000000028       0x50 ./Core/Src/main.o
 .debug_ranges  0x0000000000000078       0x40 ./Core/Src/stm32f1xx_hal_msp.o
 .debug_ranges  0x00000000000000b8       0x58 ./Core/Src/stm32f1xx_it.o
 .debug_ranges  0x0000000000000110       0x10 ./Core/Src/sysmem.o
 .debug_ranges  0x0000000000000120       0x18 ./Core/Src/system_stm32f1xx.o
 .debug_ranges  0x0000000000000138       0x20 ./Core/Src/timer.o
 .debug_ranges  0x0000000000000158       0x10 ./Core/Src/uart_communication.o
 .debug_ranges  0x0000000000000168       0x20 ./Core/Startup/startup_stm32f103c6ux.o
 .debug_ranges  0x0000000000000188       0xd0 ./Drivers/STM32F1xx_HAL_Driver/Src/stm32f1xx_hal.o
 .debug_ranges  0x0000000000000258       0xe0 ./Drivers/STM32F1xx_HAL_Driver/Src/stm32f1xx_hal_adc.o
 .debug_ranges  0x0000000000000338       0xf0 ./Drivers/STM32F1xx_HAL_Driver/Src/stm32f1xx_hal_cortex.o
 .debug_ranges  0x0000000000000428       0x70 ./Drivers/STM32F1xx_HAL_Driver/Src/stm32f1xx_hal_dma.o
 .debug_ranges  0x0000000000000498       0x48 ./Drivers/STM32F1xx_HAL_Driver/Src/stm32f1xx_hal_gpio.o
 .debug_ranges  0x00000000000004e0       0x80 ./Drivers/STM32F1xx_HAL_Driver/Src/stm32f1xx_hal_rcc.o
 .debug_ranges  0x0000000000000560       0x20 ./Drivers/STM32F1xx_HAL_Driver/Src/stm32f1xx_hal_rcc_ex.o
 .debug_ranges  0x0000000000000580      0x3c0 ./Drivers/STM32F1xx_HAL_Driver/Src/stm32f1xx_hal_tim.o
 .debug_ranges  0x0000000000000940      0x158 ./Drivers/STM32F1xx_HAL_Driver/Src/stm32f1xx_hal_tim_ex.o
 .debug_ranges  0x0000000000000a98      0x220 ./Drivers/STM32F1xx_HAL_Driver/Src/stm32f1xx_hal_uart.o

.debug_macro    0x0000000000000000    0x18fa9
 .debug_macro   0x0000000000000000      0x2ac ./Core/Src/command_parser.o
 .debug_macro   0x00000000000002ac      0xa9c ./Core/Src/command_parser.o
 .debug_macro   0x0000000000000d48       0x22 ./Core/Src/command_parser.o
 .debug_macro   0x0000000000000d6a       0x8e ./Core/Src/command_parser.o
 .debug_macro   0x0000000000000df8       0x51 ./Core/Src/command_parser.o
 .debug_macro   0x0000000000000e49      0x103 ./Core/Src/command_parser.o
 .debug_macro   0x0000000000000f4c       0x6a ./Core/Src/command_parser.o
 .debug_macro   0x0000000000000fb6      0x1df ./Core/Src/command_parser.o
 .debug_macro   0x0000000000001195       0x52 ./Core/Src/command_parser.o
 .debug_macro   0x00000000000011e7       0x18 ./Core/Src/command_parser.o
 .debug_macro   0x00000000000011ff       0x3c ./Core/Src/command_parser.o
 .debug_macro   0x000000000000123b       0x34 ./Core/Src/command_parser.o
 .debug_macro   0x000000000000126f      0x174 ./Core/Src/command_parser.o
 .debug_macro   0x00000000000013e3       0x16 ./Core/Src/command_parser.o
 .debug_macro   0x00000000000013f9       0x43 ./Core/Src/command_parser.o
 .debug_macro   0x000000000000143c       0x34 ./Core/Src/command_parser.o
 .debug_macro   0x0000000000001470       0x10 ./Core/Src/command_parser.o
 .debug_macro   0x0000000000001480       0x58 ./Core/Src/command_parser.o
 .debug_macro   0x00000000000014d8       0x71 ./Core/Src/command_parser.o
 .debug_macro   0x0000000000001549       0x1c ./Core/Src/command_parser.o
 .debug_macro   0x0000000000001565      0x12a ./Core/Src/command_parser.o
 .debug_macro   0x000000000000168f      0x339 ./Core/Src/command_parser.o
 .debug_macro   0x00000000000019c8       0x10 ./Core/Src/command_parser.o
 .debug_macro   0x00000000000019d8       0x35 ./Core/Src/command_parser.o
 .debug_macro   0x0000000000001a0d       0x20 ./Core/Src/command_parser.o
 .debug_macro   0x0000000000001a2d      0x221 ./Core/Src/command_parser.o
 .debug_macro   0x0000000000001c4e       0x2e ./Core/Src/command_parser.o
 .debug_macro   0x0000000000001c7c       0x22 ./Core/Src/command_parser.o
 .debug_macro   0x0000000000001c9e       0x1c ./Core/Src/command_parser.o
 .debug_macro   0x0000000000001cba       0x22 ./Core/Src/command_parser.o
 .debug_macro   0x0000000000001cdc       0xbd ./Core/Src/command_parser.o
 .debug_macro   0x0000000000001d99      0xd23 ./Core/Src/command_parser.o
 .debug_macro   0x0000000000002abc     0xde75 ./Core/Src/command_parser.o
 .debug_macro   0x0000000000010931       0x6d ./Core/Src/command_parser.o
 .debug_macro   0x000000000001099e     0x3468 ./Core/Src/command_parser.o
 .debug_macro   0x0000000000013e06       0x56 ./Core/Src/command_parser.o
 .debug_macro   0x0000000000013e5c      0x5be ./Core/Src/command_parser.o
 .debug_macro   0x000000000001441a      0x1b7 ./Core/Src/command_parser.o
 .debug_macro   0x00000000000145d1      0x1cb ./Core/Src/command_parser.o
 .debug_macro   0x000000000001479c      0x114 ./Core/Src/command_parser.o
 .debug_macro   0x00000000000148b0      0x1b2 ./Core/Src/command_parser.o
 .debug_macro   0x0000000000014a62       0x27 ./Core/Src/command_parser.o
 .debug_macro   0x0000000000014a89      0x12f ./Core/Src/command_parser.o
 .debug_macro   0x0000000000014bb8      0x1bc ./Core/Src/command_parser.o
 .debug_macro   0x0000000000014d74       0x34 ./Core/Src/command_parser.o
 .debug_macro   0x0000000000014da8       0x3c ./Core/Src/command_parser.o
 .debug_macro   0x0000000000014de4       0x57 ./Core/Src/command_parser.o
 .debug_macro   0x0000000000014e3b      0x46a ./Core/Src/command_parser.o
 .debug_macro   0x00000000000152a5      0x1b5 ./Core/Src/command_parser.o
 .debug_macro   0x000000000001545a       0x88 ./Core/Src/command_parser.o
 .debug_macro   0x00000000000154e2      0x183 ./Core/Src/command_parser.o
 .debug_macro   0x0000000000015665      0x141 ./Core/Src/command_parser.o
 .debug_macro   0x00000000000157a6      0x8d1 ./Core/Src/command_parser.o
 .debug_macro   0x0000000000016077      0x279 ./Core/Src/command_parser.o
 .debug_macro   0x00000000000162f0       0x69 ./Core/Src/command_parser.o
 .debug_macro   0x0000000000016359       0x10 ./Core/Src/command_parser.o
 .debug_macro   0x0000000000016369       0x28 ./Core/Src/command_parser.o
 .debug_macro   0x0000000000016391      0x2a2 ./Core/Src/global.o
 .debug_macro   0x0000000000016633      0x38d ./Core/Src/main.o
 .debug_macro   0x00000000000169c0       0xc3 ./Core/Src/main.o
 .debug_macro   0x0000000000016a83       0x5c ./Core/Src/main.o
 .debug_macro   0x0000000000016adf      0x333 ./Core/Src/main.o
 .debug_macro   0x0000000000016e12       0x1c ./Core/Src/main.o
 .debug_macro   0x0000000000016e2e       0x10 ./Core/Src/main.o
 .debug_macro   0x0000000000016e3e       0x10 ./Core/Src/main.o
 .debug_macro   0x0000000000016e4e       0x1c ./Core/Src/main.o
 .debug_macro   0x0000000000016e6a       0x52 ./Core/Src/main.o
 .debug_macro   0x0000000000016ebc       0x22 ./Core/Src/main.o
 .debug_macro   0x0000000000016ede       0x10 ./Core/Src/main.o
 .debug_macro   0x0000000000016eee       0x40 ./Core/Src/main.o
 .debug_macro   0x0000000000016f2e       0xd5 ./Core/Src/main.o
 .debug_macro   0x0000000000017003       0x1c ./Core/Src/main.o
 .debug_macro   0x000000000001701f       0x3d ./Core/Src/main.o
 .debug_macro   0x000000000001705c       0x16 ./Core/Src/main.o
 .debug_macro   0x0000000000017072      0x145 ./Core/Src/main.o
 .debug_macro   0x00000000000171b7      0x1c5 ./Core/Src/stm32f1xx_hal_msp.o
 .debug_macro   0x000000000001737c      0x1cf ./Core/Src/stm32f1xx_it.o
 .debug_macro   0x000000000001754b       0xff ./Core/Src/sysmem.o
 .debug_macro   0x000000000001764a      0x23b ./Core/Src/sysmem.o
 .debug_macro   0x0000000000017885      0x1b6 ./Core/Src/system_stm32f1xx.o
 .debug_macro   0x0000000000017a3b       0x1b ./Core/Src/timer.o
 .debug_macro   0x0000000000017a56      0x377 ./Core/Src/uart_communication.o
 .debug_macro   0x0000000000017dcd      0x1da ./Drivers/STM32F1xx_HAL_Driver/Src/stm32f1xx_hal.o
 .debug_macro   0x0000000000017fa7      0x1d3 ./Drivers/STM32F1xx_HAL_Driver/Src/stm32f1xx_hal_adc.o
 .debug_macro   0x000000000001817a      0x1b6 ./Drivers/STM32F1xx_HAL_Driver/Src/stm32f1xx_hal_cortex.o
 .debug_macro   0x0000000000018330      0x1b6 ./Drivers/STM32F1xx_HAL_Driver/Src/stm32f1xx_hal_dma.o
 .debug_macro   0x00000000000184e6      0x221 ./Drivers/STM32F1xx_HAL_Driver/Src/stm32f1xx_hal_gpio.o
 .debug_macro   0x0000000000018707      0x1c8 ./Drivers/STM32F1xx_HAL_Driver/Src/stm32f1xx_hal_rcc.o
 .debug_macro   0x00000000000188cf      0x1b6 ./Drivers/STM32F1xx_HAL_Driver/Src/stm32f1xx_hal_rcc_ex.o
 .debug_macro   0x0000000000018a85      0x1b7 ./Drivers/STM32F1xx_HAL_Driver/Src/stm32f1xx_hal_tim.o
 .debug_macro   0x0000000000018c3c      0x1b6 ./Drivers/STM32F1xx_HAL_Driver/Src/stm32f1xx_hal_tim_ex.o
 .debug_macro   0x0000000000018df2      0x1b7 ./Drivers/STM32F1xx_HAL_Driver/Src/stm32f1xx_hal_uart.o

.debug_line     0x0000000000000000     0xf8be
 .debug_line    0x0000000000000000      0x86c ./Core/Src/command_parser.o
 .debug_line    0x000000000000086c      0x882 ./Core/Src/global.o
 .debug_line    0x00000000000010ee      0xadd ./Core/Src/main.o
 .debug_line    0x0000000000001bcb      0x783 ./Core/Src/stm32f1xx_hal_msp.o
 .debug_line    0x000000000000234e      0x788 ./Core/Src/stm32f1xx_it.o
 .debug_line    0x0000000000002ad6      0x4f8 ./Core/Src/sysmem.o
 .debug_line    0x0000000000002fce      0x72c ./Core/Src/system_stm32f1xx.o
 .debug_line    0x00000000000036fa       0xb7 ./Core/Src/timer.o
 .debug_line    0x00000000000037b1      0x94b ./Core/Src/uart_communication.o
 .debug_line    0x00000000000040fc       0x87 ./Core/Startup/startup_stm32f103c6ux.o
 .debug_line    0x0000000000004183      0x959 ./Drivers/STM32F1xx_HAL_Driver/Src/stm32f1xx_hal.o
 .debug_line    0x0000000000004adc      0xfd0 ./Drivers/STM32F1xx_HAL_Driver/Src/stm32f1xx_hal_adc.o
 .debug_line    0x0000000000005aac      0xb41 ./Drivers/STM32F1xx_HAL_Driver/Src/stm32f1xx_hal_cortex.o
 .debug_line    0x00000000000065ed      0xdb1 ./Drivers/STM32F1xx_HAL_Driver/Src/stm32f1xx_hal_dma.o
 .debug_line    0x000000000000739e      0x9da ./Drivers/STM32F1xx_HAL_Driver/Src/stm32f1xx_hal_gpio.o
 .debug_line    0x0000000000007d78      0xd67 ./Drivers/STM32F1xx_HAL_Driver/Src/stm32f1xx_hal_rcc.o
 .debug_line    0x0000000000008adf      0x8a5 ./Drivers/STM32F1xx_HAL_Driver/Src/stm32f1xx_hal_rcc_ex.o
 .debug_line    0x0000000000009384     0x32b7 ./Drivers/STM32F1xx_HAL_Driver/Src/stm32f1xx_hal_tim.o
 .debug_line    0x000000000000c63b     0x184f ./Drivers/STM32F1xx_HAL_Driver/Src/stm32f1xx_hal_tim_ex.o
 .debug_line    0x000000000000de8a     0x1a34 ./Drivers/STM32F1xx_HAL_Driver/Src/stm32f1xx_hal_uart.o

.debug_str      0x0000000000000000    0x8d81d
 .debug_str     0x0000000000000000    0x88e19 ./Core/Src/command_parser.o
                                      0x89271 (size before relaxing)
 .debug_str     0x0000000000088e19       0x2f ./Core/Src/global.o
                                      0x89259 (size before relaxing)
 .debug_str     0x0000000000088e48     0x15dc ./Core/Src/main.o
                                      0x8a88a (size before relaxing)
 .debug_str     0x000000000008a424      0x305 ./Core/Src/stm32f1xx_hal_msp.o
                                      0x86637 (size before relaxing)
 .debug_str     0x000000000008a729       0xcf ./Core/Src/stm32f1xx_it.o
                                      0x85efe (size before relaxing)
 .debug_str     0x000000000008a7f8      0x4e9 ./Core/Src/sysmem.o
                                       0x625a (size before relaxing)
 .debug_str     0x000000000008ace1       0x52 ./Core/Src/system_stm32f1xx.o
                                      0x85ac6 (size before relaxing)
 .debug_str     0x000000000008ad33       0x58 ./Core/Src/timer.o
                                       0x2dd9 (size before relaxing)
 .debug_str     0x000000000008ad8b       0x38 ./Core/Src/uart_communication.o
                                      0x8a1d6 (size before relaxing)
 .debug_str     0x000000000008adc3       0x36 ./Core/Startup/startup_stm32f103c6ux.o
                                         0x6e (size before relaxing)
 .debug_str     0x000000000008adf9      0x304 ./Drivers/STM32F1xx_HAL_Driver/Src/stm32f1xx_hal.o
                                      0x8611d (size before relaxing)
 .debug_str     0x000000000008b0fd      0x351 ./Drivers/STM32F1xx_HAL_Driver/Src/stm32f1xx_hal_adc.o
                                      0x86156 (size before relaxing)
 .debug_str     0x000000000008b44e      0x300 ./Drivers/STM32F1xx_HAL_Driver/Src/stm32f1xx_hal_cortex.o
                                      0x86125 (size before relaxing)
 .debug_str     0x000000000008b74e      0x230 ./Drivers/STM32F1xx_HAL_Driver/Src/stm32f1xx_hal_dma.o
                                      0x85ea1 (size before relaxing)
 .debug_str     0x000000000008b97e      0x31f ./Drivers/STM32F1xx_HAL_Driver/Src/stm32f1xx_hal_gpio.o
                                      0x85e8a (size before relaxing)
 .debug_str     0x000000000008bc9d      0x24f ./Drivers/STM32F1xx_HAL_Driver/Src/stm32f1xx_hal_rcc.o
                                      0x85ec3 (size before relaxing)
 .debug_str     0x000000000008beec       0xb9 ./Drivers/STM32F1xx_HAL_Driver/Src/stm32f1xx_hal_rcc_ex.o
                                      0x85c50 (size before relaxing)
 .debug_str     0x000000000008bfa5      0xdb5 ./Drivers/STM32F1xx_HAL_Driver/Src/stm32f1xx_hal_tim.o
                                      0x86e95 (size before relaxing)
 .debug_str     0x000000000008cd5a      0x4ee ./Drivers/STM32F1xx_HAL_Driver/Src/stm32f1xx_hal_tim_ex.o
                                      0x86646 (size before relaxing)
 .debug_str     0x000000000008d248      0x5d5 ./Drivers/STM32F1xx_HAL_Driver/Src/stm32f1xx_hal_uart.o
                                      0x864b5 (size before relaxing)

.comment        0x0000000000000000       0x53
 .comment       0x0000000000000000       0x53 ./Core/Src/command_parser.o
                                         0x54 (size before relaxing)
 .comment       0x0000000000000053       0x54 ./Core/Src/global.o
 .comment       0x0000000000000053       0x54 ./Core/Src/main.o
 .comment       0x0000000000000053       0x54 ./Core/Src/stm32f1xx_hal_msp.o
 .comment       0x0000000000000053       0x54 ./Core/Src/stm32f1xx_it.o
 .comment       0x0000000000000053       0x54 ./Core/Src/sysmem.o
 .comment       0x0000000000000053       0x54 ./Core/Src/system_stm32f1xx.o
 .comment       0x0000000000000053       0x54 ./Core/Src/timer.o
 .comment       0x0000000000000053       0x54 ./Core/Src/uart_communication.o
 .comment       0x0000000000000053       0x54 ./Drivers/STM32F1xx_HAL_Driver/Src/stm32f1xx_hal.o
 .comment       0x0000000000000053       0x54 ./Drivers/STM32F1xx_HAL_Driver/Src/stm32f1xx_hal_adc.o
 .comment       0x0000000000000053       0x54 ./Drivers/STM32F1xx_HAL_Driver/Src/stm32f1xx_hal_cortex.o
 .comment       0x0000000000000053       0x54 ./Drivers/STM32F1xx_HAL_Driver/Src/stm32f1xx_hal_dma.o
 .comment       0x0000000000000053       0x54 ./Drivers/STM32F1xx_HAL_Driver/Src/stm32f1xx_hal_gpio.o
 .comment       0x0000000000000053       0x54 ./Drivers/STM32F1xx_HAL_Driver/Src/stm32f1xx_hal_rcc.o
 .comment       0x0000000000000053       0x54 ./Drivers/STM32F1xx_HAL_Driver/Src/stm32f1xx_hal_rcc_ex.o
 .comment       0x0000000000000053       0x54 ./Drivers/STM32F1xx_HAL_Driver/Src/stm32f1xx_hal_tim.o
 .comment       0x0000000000000053       0x54 ./Drivers/STM32F1xx_HAL_Driver/Src/stm32f1xx_hal_tim_ex.o
 .comment       0x0000000000000053       0x54 ./Drivers/STM32F1xx_HAL_Driver/Src/stm32f1xx_hal_uart.o

.debug_frame    0x0000000000000000     0x3c10
 .debug_frame   0x0000000000000000       0x2c ./Core/Src/command_parser.o
 .debug_frame   0x000000000000002c       0x60 ./Core/Src/global.o
 .debug_frame   0x000000000000008c      0x13c ./Core/Src/main.o
 .debug_frame   0x00000000000001c8      0x118 ./Core/Src/stm32f1xx_hal_msp.o
 .debug_frame   0x00000000000002e0      0x120 ./Core/Src/stm32f1xx_it.o
 .debug_frame   0x0000000000000400       0x34 ./Core/Src/sysmem.o
 .debug_frame   0x0000000000000434       0x58 ./Core/Src/system_stm32f1xx.o
 .debug_frame   0x000000000000048c       0x80 ./Core/Src/timer.o
 .debug_frame   0x000000000000050c       0x38 ./Core/Src/uart_communication.o
 .debug_frame   0x0000000000000544      0x334 ./Drivers/STM32F1xx_HAL_Driver/Src/stm32f1xx_hal.o
 .debug_frame   0x0000000000000878      0x40c ./Drivers/STM32F1xx_HAL_Driver/Src/stm32f1xx_hal_adc.o
 .debug_frame   0x0000000000000c84      0x428 ./Drivers/STM32F1xx_HAL_Driver/Src/stm32f1xx_hal_cortex.o
 .debug_frame   0x00000000000010ac      0x208 ./Drivers/STM32F1xx_HAL_Driver/Src/stm32f1xx_hal_dma.o
 .debug_frame   0x00000000000012b4      0x14c ./Drivers/STM32F1xx_HAL_Driver/Src/stm32f1xx_hal_gpio.o
 .debug_frame   0x0000000000001400      0x21c ./Drivers/STM32F1xx_HAL_Driver/Src/stm32f1xx_hal_rcc.o
 .debug_frame   0x000000000000161c       0x84 ./Drivers/STM32F1xx_HAL_Driver/Src/stm32f1xx_hal_rcc_ex.o
 .debug_frame   0x00000000000016a0     0x11b8 ./Drivers/STM32F1xx_HAL_Driver/Src/stm32f1xx_hal_tim.o
 .debug_frame   0x0000000000002858      0x638 ./Drivers/STM32F1xx_HAL_Driver/Src/stm32f1xx_hal_tim_ex.o
 .debug_frame   0x0000000000002e90      0x914 ./Drivers/STM32F1xx_HAL_Driver/Src/stm32f1xx_hal_uart.o
 .debug_frame   0x00000000000037a4       0x20 c:/st/stm32cubeide_1.7.0/stm32cubeide/plugins/com.st.stm32cube.ide.mcu.externaltools.gnu-tools-for-stm32.9-2020-q2-update.win32_2.0.0.202105311346/tools/bin/../lib/gcc/arm-none-eabi/9.3.1/../../../../arm-none-eabi/lib/thumb/v7-m/nofp\libc_nano.a(lib_a-errno.o)
 .debug_frame   0x00000000000037c4       0x2c c:/st/stm32cubeide_1.7.0/stm32cubeide/plugins/com.st.stm32cube.ide.mcu.externaltools.gnu-tools-for-stm32.9-2020-q2-update.win32_2.0.0.202105311346/tools/bin/../lib/gcc/arm-none-eabi/9.3.1/../../../../arm-none-eabi/lib/thumb/v7-m/nofp\libc_nano.a(lib_a-init.o)
 .debug_frame   0x00000000000037f0       0x20 c:/st/stm32cubeide_1.7.0/stm32cubeide/plugins/com.st.stm32cube.ide.mcu.externaltools.gnu-tools-for-stm32.9-2020-q2-update.win32_2.0.0.202105311346/tools/bin/../lib/gcc/arm-none-eabi/9.3.1/../../../../arm-none-eabi/lib/thumb/v7-m/nofp\libc_nano.a(lib_a-memset.o)
 .debug_frame   0x0000000000003810       0x6c c:/st/stm32cubeide_1.7.0/stm32cubeide/plugins/com.st.stm32cube.ide.mcu.externaltools.gnu-tools-for-stm32.9-2020-q2-update.win32_2.0.0.202105311346/tools/bin/../lib/gcc/arm-none-eabi/9.3.1/../../../../arm-none-eabi/lib/thumb/v7-m/nofp\libc_nano.a(lib_a-sprintf.o)
 .debug_frame   0x000000000000387c       0x90 c:/st/stm32cubeide_1.7.0/stm32cubeide/plugins/com.st.stm32cube.ide.mcu.externaltools.gnu-tools-for-stm32.9-2020-q2-update.win32_2.0.0.202105311346/tools/bin/../lib/gcc/arm-none-eabi/9.3.1/../../../../arm-none-eabi/lib/thumb/v7-m/nofp\libc_nano.a(lib_a-nano-svfprintf.o)
 .debug_frame   0x000000000000390c       0x60 c:/st/stm32cubeide_1.7.0/stm32cubeide/plugins/com.st.stm32cube.ide.mcu.externaltools.gnu-tools-for-stm32.9-2020-q2-update.win32_2.0.0.202105311346/tools/bin/../lib/gcc/arm-none-eabi/9.3.1/../../../../arm-none-eabi/lib/thumb/v7-m/nofp\libc_nano.a(lib_a-nano-vfprintf_i.o)
 .debug_frame   0x000000000000396c       0x28 c:/st/stm32cubeide_1.7.0/stm32cubeide/plugins/com.st.stm32cube.ide.mcu.externaltools.gnu-tools-for-stm32.9-2020-q2-update.win32_2.0.0.202105311346/tools/bin/../lib/gcc/arm-none-eabi/9.3.1/../../../../arm-none-eabi/lib/thumb/v7-m/nofp\libc_nano.a(lib_a-memchr-stub.o)
 .debug_frame   0x0000000000003994       0x28 c:/st/stm32cubeide_1.7.0/stm32cubeide/plugins/com.st.stm32cube.ide.mcu.externaltools.gnu-tools-for-stm32.9-2020-q2-update.win32_2.0.0.202105311346/tools/bin/../lib/gcc/arm-none-eabi/9.3.1/../../../../arm-none-eabi/lib/thumb/v7-m/nofp\libc_nano.a(lib_a-memcpy-stub.o)
 .debug_frame   0x00000000000039bc       0x28 c:/st/stm32cubeide_1.7.0/stm32cubeide/plugins/com.st.stm32cube.ide.mcu.externaltools.gnu-tools-for-stm32.9-2020-q2-update.win32_2.0.0.202105311346/tools/bin/../lib/gcc/arm-none-eabi/9.3.1/../../../../arm-none-eabi/lib/thumb/v7-m/nofp\libc_nano.a(lib_a-memmove.o)
 .debug_frame   0x00000000000039e4       0x38 c:/st/stm32cubeide_1.7.0/stm32cubeide/plugins/com.st.stm32cube.ide.mcu.externaltools.gnu-tools-for-stm32.9-2020-q2-update.win32_2.0.0.202105311346/tools/bin/../lib/gcc/arm-none-eabi/9.3.1/../../../../arm-none-eabi/lib/thumb/v7-m/nofp\libc_nano.a(lib_a-nano-freer.o)
 .debug_frame   0x0000000000003a1c       0x30 c:/st/stm32cubeide_1.7.0/stm32cubeide/plugins/com.st.stm32cube.ide.mcu.externaltools.gnu-tools-for-stm32.9-2020-q2-update.win32_2.0.0.202105311346/tools/bin/../lib/gcc/arm-none-eabi/9.3.1/../../../../arm-none-eabi/lib/thumb/v7-m/nofp\libc_nano.a(lib_a-nano-mallocr.o)
 .debug_frame   0x0000000000003a4c       0x3c c:/st/stm32cubeide_1.7.0/stm32cubeide/plugins/com.st.stm32cube.ide.mcu.externaltools.gnu-tools-for-stm32.9-2020-q2-update.win32_2.0.0.202105311346/tools/bin/../lib/gcc/arm-none-eabi/9.3.1/../../../../arm-none-eabi/lib/thumb/v7-m/nofp\libc_nano.a(lib_a-nano-reallocr.o)
 .debug_frame   0x0000000000003a88       0x2c c:/st/stm32cubeide_1.7.0/stm32cubeide/plugins/com.st.stm32cube.ide.mcu.externaltools.gnu-tools-for-stm32.9-2020-q2-update.win32_2.0.0.202105311346/tools/bin/../lib/gcc/arm-none-eabi/9.3.1/../../../../arm-none-eabi/lib/thumb/v7-m/nofp\libc_nano.a(lib_a-sbrkr.o)
 .debug_frame   0x0000000000003ab4       0x30 c:/st/stm32cubeide_1.7.0/stm32cubeide/plugins/com.st.stm32cube.ide.mcu.externaltools.gnu-tools-for-stm32.9-2020-q2-update.win32_2.0.0.202105311346/tools/bin/../lib/gcc/arm-none-eabi/9.3.1/../../../../arm-none-eabi/lib/thumb/v7-m/nofp\libc_nano.a(lib_a-mlock.o)
 .debug_frame   0x0000000000003ae4       0x20 c:/st/stm32cubeide_1.7.0/stm32cubeide/plugins/com.st.stm32cube.ide.mcu.externaltools.gnu-tools-for-stm32.9-2020-q2-update.win32_2.0.0.202105311346/tools/bin/../lib/gcc/arm-none-eabi/9.3.1/../../../../arm-none-eabi/lib/thumb/v7-m/nofp\libc_nano.a(lib_a-nano-msizer.o)
 .debug_frame   0x0000000000003b04       0x5c c:/st/stm32cubeide_1.7.0/stm32cubeide/plugins/com.st.stm32cube.ide.mcu.externaltools.gnu-tools-for-stm32.9-2020-q2-update.win32_2.0.0.202105311346/tools/bin/../lib/gcc/arm-none-eabi/9.3.1/../../../../arm-none-eabi/lib/thumb/v7-m/nofp\libc_nano.a(lib_a-reent.o)
 .debug_frame   0x0000000000003b60       0xb0 c:/st/stm32cubeide_1.7.0/stm32cubeide/plugins/com.st.stm32cube.ide.mcu.externaltools.gnu-tools-for-stm32.9-2020-q2-update.win32_2.0.0.202105311346/tools/bin/../lib/gcc/arm-none-eabi/9.3.1/../../../../arm-none-eabi/lib/thumb/v7-m/nofp\libc_nano.a(lib_a-lock.o)
